C51 COMPILER V9.02   OS_CORE                                                               07/27/2015 14:08:48 PAGE 1   


C51 COMPILER V9.02, COMPILATION OF MODULE OS_CORE
OBJECT MODULE PLACED IN .\list\Os_core.obj
COMPILER INVOKED BY: d:\Keil_v5\C51\BIN\C51.EXE ..\os\Os_core.c OPTIMIZE(7,SPEED) BROWSE INCDIR(..\MyDriver;..\Lib\inc;.
                    -.\Lib\src) DEBUG OBJECTEXTEND PRINT(.\list\Os_core.lst) TABS(2) OBJECT(.\list\Os_core.obj)

line level    source

   1          /*********************************************************************************************************
   2          **                                       Small RTOS(51)
   3          **                                   The Real-Time Kernel(For Keil c51)
   4          **
   5          **                                  (c) Copyright 2002-2003, chenmingji
   6          **                                           All Rights Reserved
   7          **
   8          **                                                  V1.12.1
   9          **
  10          **
  11          **--------------文件信息--------------------------------------------------------------------------------
  12          **文   件   名: OS_CORE.C
  13          **创   建   人: 陈明计
  14          **最后修改日期: 2003年2月5日
  15          **描        述: Small RTOS(51)与CPU无关的核心代码
  16          **
  17          **--------------历史版本信息----------------------------------------------------------------------------
  18          ** 创建人: 陈明计
  19          ** 版  本: V0.50
  20          ** 日　期: 2002年2月22日
  21          ** 描　述: 原始版本
  22          **
  23          **------------------------------------------------------------------------------------------------------
  24          ** 修改人: 陈明计
  25          ** 版  本: V0.51
  26          ** 日　期: 2002年3月10日
  27          ** 描　述: 修改函数OSWait使其占用资源更少，兼容性更好
  28          **
  29          **------------------------------------------------------------------------------------------------------
  30          ** 修改人: 陈明计
  31          ** 版  本: V0.52
  32          ** 日　期: 2002年5月9日
  33          ** 描　述: 更正函数OSWait的返回值错误
  34          **
  35          **------------------------------------------------------------------------------------------------------
  36          ** 修改人: 陈明计
  37          ** 版  本: V0.60
  38          ** 日　期: 2002年5月10日
  39          ** 描　述: 使所有函数在keil c51可以重入
  40          **
  41          **------------------------------------------------------------------------------------------------------
  42          ** 修改人: 陈明计
  43          ** 版  本: V1.00
  44          ** 日　期: 2002年6月20日
  45          ** 描　述: 使用户可以进行更多的配置
  46          **
  47          **------------------------------------------------------------------------------------------------------
  48          ** 修改人: 陈明计
  49          ** 版  本: V1.10
  50          ** 日　期: 2002年9月1日
  51          ** 描　述: 根据当前版本进行一些必要改变
  52          **
  53          **------------------------------------------------------------------------------------------------------
  54          ** 修改人: 陈明计
C51 COMPILER V9.02   OS_CORE                                                               07/27/2015 14:08:48 PAGE 2   

  55          ** 日　期: 2002年9月4日
  56          ** 版  本: V1.10.1
  57          ** 描　述: 更正OSTimeTick的Bug，它在keil c51中不会有问题，但移植的其它系统可能出错。
  58          **         统一了一下格式。
  59          **------------------------------------------------------------------------------------------------------
  60          ** 修改人: 陈明计
  61          ** 版  本: V1.10.2
  62          ** 日　期: 2002年9月9日
  63          ** 描　述: 更正OSWait()的Bug，这个Bug造成在OSWait()以K_TMO为参数时，在极端情况下
  64          **         可能锁死任务。
  65          **------------------------------------------------------------------------------------------------------
  66          ** 修改人: 陈明计
  67          ** 版  本: V1.10.4
  68          ** 日　期: 2002年10月5日
  69          ** 描　述: 显示初始化变量OSTaskID和OSNextTaskID
  70          **
  71          **------------------------------------------------------------------------------------------------------
  72          ** 修改人: 陈明计
  73          ** 版  本: V1.10.5
  74          ** 日　期: 2002年10月19日
  75          ** 描　述: 修改函数OSIntExit()和OSSched()在允许中断管理代码的BUG，它在用户
  76          **         程序逻辑不太正常时可能引起系统崩溃。更正2002年9月9日修订带来的
  77          **         新Bug。
  78          **------------------------------------------------------------------------------------------------------
  79          ** 修改人: 陈明计
  80          ** 版  本: V1.11.0
  81          ** 日　期: 2002年12月2日
  82          ** 描　述: 根据新版本需求更改开、关中断代码，增加注释；更正OSWait()的Bug，
  83          **         这个Bug造成在OSWait()以（K_TMO|K_SIG）为参数时，在极端情况下
  84          **         可能锁死任务。
  85          **
  86          **------------------------------------------------------------------------------------------------------
  87          ** 修改人: 陈明计
  88          ** 版  本: V1.12.0
  89          ** 日　期: 2003年1月23日
  90          ** 描　述: 用户可以使用全部16个任务，增加代码可靠性
  91          **
  92          **------------------------------------------------------------------------------------------------------
  93          ** 修改人: 陈明计
  94          ** 版  本: V1.12.1
  95          ** 日　期: 2003年1月23日
  96          ** 描　述: 修正OSIntSendSignal()的bug
  97          **
  98          **--------------当前版本修订------------------------------------------------------------------------------
  99          ** 修改人: 
 100          ** 日　期:
 101          ** 描　述:
 102          **
 103          **------------------------------------------------------------------------------------------------------
 104          ********************************************************************************************************/
 105          
 106          #define  IN_OS_CORE
 107          #include "config.h"
*** WARNING C322 IN LINE 530 OF ..\LIB\INC\STC15FXXXX.H: unknown identifier
*** WARNING C322 IN LINE 532 OF ..\LIB\INC\STC15FXXXX.H: unknown identifier
*** WARNING C322 IN LINE 534 OF ..\LIB\INC\STC15FXXXX.H: unknown identifier
*** WARNING C322 IN LINE 536 OF ..\LIB\INC\STC15FXXXX.H: unknown identifier
*** WARNING C322 IN LINE 538 OF ..\LIB\INC\STC15FXXXX.H: unknown identifier
*** WARNING C322 IN LINE 540 OF ..\LIB\INC\STC15FXXXX.H: unknown identifier
*** WARNING C322 IN LINE 542 OF ..\LIB\INC\STC15FXXXX.H: unknown identifier
 108          
 109          #if EN_OS_INT_ENTER > 0
C51 COMPILER V9.02   OS_CORE                                                               07/27/2015 14:08:48 PAGE 3   

 110          uint8 OSIntNesting;
 111          #endif
 112          
 113          uint8 data OSTaskID = 0;
 114          uint8 data OSNextTaskID = 0;
 115          
 116          uint8 OSWaitTick[OS_MAX_TASKS];
 117          #if OS_MAX_TASKS < 9
 118          uint8 OSTaskRuning = 0xff;
 119          #else
              uint16 OSTaskRuning = 0xffff;
              #endif
 122          
 123          uint8 const OSMapTbl[] = {0x01, 0x02, 0x04, 0x08, 0x10, 0x20, 0x40, 0x80, 0x00};
 124          uint8 data Os_Enter_Sum = 0;
 125          
 126          
 127          void  OSSched(void);
 128          
 129          /*********************************************************************************************************
 130          ** 函数名称: OSIntSendSignal
 131          ** 功能描述: 中断中给指定任务发送信号,既使指定任务就绪
 132          ** 输　入: TaskId : 任务ID
 133          ** 输　出: 无
 134          ** 全局变量: OSTaskRuning
 135          ** 调用模块: 无
 136          **
 137          ** 作　者: 陈明计
 138          ** 日　期: 2002年6月20日
 139          **-------------------------------------------------------------------------------------------------------
 140          ** 修改人: 陈明计
 141          ** 日　期: 2002年9月1日
 142          **-------------------------------------------------------------------------------------------------------
 143          ** 修改人: 陈明计
 144          ** 日　期: 2002年9月4日
 145          **-------------------------------------------------------------------------------------------------------
 146          ** 修改人: 陈明计
 147          ** 日　期: 2002年12月30日
 148          **------------------------------------------------------------------------------------------------------
 149          ** 修改人: 陈明计
 150          ** 日　期: 2002年2月5日
 151          **------------------------------------------------------------------------------------------------------
 152          ** 修改人:
 153          ** 日　期:
 154          **------------------------------------------------------------------------------------------------------
 155          ********************************************************************************************************/
 156                  void OSIntSendSignal(uint8 TaskId)
 157          
 158          {
 159   1          if (TaskId < OS_MAX_TASKS)
 160   1          {
 161   2              OS_ENTER_CRITICAL();
 162   2      #if OS_MAX_TASKS < 9
 163   2              OSTaskRuning |= OSMapTbl[TaskId];
 164   2      #else
                      if (TaskId < 8)
                      {
                          ((uint8 *)(&OSTaskRuning))[LOW_BYTE] |= OSMapTbl[TaskId];
                      }
                      else
                      {
                          ((uint8 *)(&OSTaskRuning))[HIGH_BYTE] |= OSMapTbl[TaskId & 0x07];
C51 COMPILER V9.02   OS_CORE                                                               07/27/2015 14:08:48 PAGE 4   

                      }
              #endif
 174   2              OS_EXIT_CRITICAL();
 175   2          }
 176   1      }
 177          
 178          /*********************************************************************************************************
 179          ** 函数名称: OSSendSignal
 180          ** 功能描述: 任务中给指定任务发送信号,既使指定任务就绪
 181          ** 输　入: TaskId : 任务ID
 182          ** 输　出: 无
 183          ** 全局变量: 无
 184          ** 调用模块: OSSched,OSIntSendSignal
 185          **
 186          ** 作　者: 陈明计
 187          ** 日　期: 2002年6月20日
 188          **-------------------------------------------------------------------------------------------------------
 189          ** 修改人: 陈明计
 190          ** 日　期: 2002年9月1日
 191          **-------------------------------------------------------------------------------------------------------
 192          ** 修改人:
 193          ** 日　期:
 194          **-------------------------------------------------------------------------------------------------------
 195          ********************************************************************************************************/
 196                  void OSSendSignal(uint8 TaskId)
 197          
 198          {
 199   1          OSIntSendSignal(TaskId);
 200   1          OSSched();                                              //开始任务切换
 201   1      }
 202          
 203          /*********************************************************************************************************
 204          ** 函数名称: OSClearSignal
 205          ** 功能描述: 清除指定任务信号,既使指定任务休眠
 206          ** 输　入: TaskId : 任务ID
 207          ** 输　出: 无
 208          ** 全局变量: OSTaskRuning
 209          ** 调用模块: 无
 210          **
 211          ** 作　者: 陈明计
 212          ** 日　期: 2002年6月20日
 213          **-------------------------------------------------------------------------------------------------------
 214          ** 修改人: 陈明计
 215          ** 日　期: 2002年9月1日
 216          **-------------------------------------------------------------------------------------------------------
 217          ** 修改人: 陈明计
 218          ** 日　期: 2002年9月4日
 219          **------------------------------------------------------------------------------------------------------
 220          ** 修改人: 陈明计
 221          ** 日　期: 2002年12月30日
 222          **------------------------------------------------------------------------------------------------------
 223          ** 修改人:
 224          ** 日　期:
 225          **-------------------------------------------------------------------------------------------------------
 226          ********************************************************************************************************/
 227          
 228                  void OSClearSignal(uint8 TaskId)
 229          {
 230   1          if (TaskId < OS_MAX_TASKS)
 231   1          {
 232   2              OS_ENTER_CRITICAL();
 233   2      #if OS_MAX_TASKS < 9
C51 COMPILER V9.02   OS_CORE                                                               07/27/2015 14:08:48 PAGE 5   

 234   2              OSTaskRuning &= ~OSMapTbl[TaskId];
 235   2      #else
                      if (TaskId < 8)
                      {
                          ((uint8 *)(&OSTaskRuning))[LOW_BYTE] &= ~OSMapTbl[TaskId];
                      }
                      else
                      {
                          ((uint8 *)(&OSTaskRuning))[HIGH_BYTE] &= ~OSMapTbl[TaskId & 0x07];
                      }
              #endif
 245   2              OS_EXIT_CRITICAL();
 246   2          }
 247   1      }
 248          
 249          /*********************************************************************************************************
 250          ** 函数名称: OSIntExit
 251          ** 功能描述: 中断退出处理函数,在此进行中断后的任务切换
 252          ** 输　入: 无
 253          ** 输　出: 无
 254          ** 全局变量: OSIntNesting,OSNextTaskID
 255          ** 调用模块: OSIntCtxSw
 256          **
 257          ** 作　者: 陈明计
 258          ** 日　期: 2002年6月20日
 259          **-------------------------------------------------------------------------------------------------------
 260          ** 修改人: 陈明计
 261          ** 日　期: 2002年9月1日
 262          **-------------------------------------------------------------------------------------------------------
 263          ** 修改人: 陈明计
 264          ** 日　期: 2002年9月4日
 265          **------------------------------------------------------------------------------------------------------
 266          ** 修改人: 陈明计
 267          ** 日　期: 2002年10月19日
 268          **------------------------------------------------------------------------------------------------------
 269          ** 修改人: 陈明计
 270          ** 日　期: 2002年12月2日
 271          **------------------------------------------------------------------------------------------------------
 272          ** 修改人: 陈明计
 273          ** 日　期: 2002年12月30日
 274          **------------------------------------------------------------------------------------------------------
 275          ** 修改人:
 276          ** 日　期:
 277          **------------------------------------------------------------------------------------------------------
 278          ********************************************************************************************************/
 279                  void OSIntExit(void)
 280          
 281          {
 282   1          uint8 temp;
 283   1      
 284   1          OS_ENTER_CRITICAL();
 285   1                      /* 中断嵌套处理 */
 286   1      #if EN_OS_INT_ENTER > 0
 287   1          if (OSIntNesting > 0)
 288   1          {
 289   2              OSIntNesting--;
 290   2          }
 291   1          if (OSIntNesting == 0)
 292   1          {
 293   2      #endif
 294   2              
 295   2              Os_Enter_Sum = 0;               /* 因为在中断中，所以关中断计数器为0 */
C51 COMPILER V9.02   OS_CORE                                                               07/27/2015 14:08:48 PAGE 6   

 296   2      #if OS_MAX_TASKS < 9
 297   2                      /* 查找处于就绪状态的任务中优先级最高的任务 */
 298   2              temp = OSTaskRuning;
 299   2              for (OSNextTaskID = 0; OSNextTaskID < OS_MAX_TASKS; OSNextTaskID++)
 300   2              {
 301   3                  if ((temp & 0x01) != 0)
 302   3                  {
 303   4                      break;
 304   4                  }
 305   3                  temp = temp >> 1;
 306   3              }
 307   2              OSIntCtxSw();                   /* 进行任务调度 */
 308   2      #else
                              /* 查找处于就绪状态的任务中优先级最高的任务 */
                      temp = OSTaskRuning % 256;
                      for (OSNextTaskID = 0; OSNextTaskID < 8; OSNextTaskID++)
                      {
                          if ((temp & 0x01) != 0)
                          {
                              goto TaskSw;
                          }
                          temp = temp >> 1;
                      }
              
                      temp = OSTaskRuning / 256;
                      for (; OSNextTaskID < OS_MAX_TASKS; OSNextTaskID++)
                      {
                          if ((temp & 0x01) != 0)
                          {
                              break;
                          }
                          temp = temp >> 1;
                      }
              TaskSw:
                      OSIntCtxSw();                   /* 进行任务调度 */
              #endif
 332   2      
 333   2      #if EN_OS_INT_ENTER >0
 334   2          }
 335   1      #endif
 336   1          OS_EXIT_CRITICAL();
 337   1      }
 338          
 339          /*********************************************************************************************************
 340          ** 函数名称: OSSched
 341          ** 功能描述: 非中断的任务切换函数
 342          ** 输　入: 无
 343          ** 输　出: 无
 344          ** 全局变量: OSIntNesting,OSNextTaskID
 345          ** 调用模块: OS_TASK_SW
 346          **
 347          ** 作　者: 陈明计
 348          ** 日　期: 2002年6月20日
 349          **-------------------------------------------------------------------------------------------------------
 350          ** 修改人: 陈明计
 351          ** 日　期: 2002年9月1日
 352          **-------------------------------------------------------------------------------------------------------
 353          ** 修改人: 陈明计
 354          ** 日　期: 2002年9月4日
 355          **------------------------------------------------------------------------------------------------------
 356          ** 修改人: 陈明计
 357          ** 日　期: 2002年10月19日
C51 COMPILER V9.02   OS_CORE                                                               07/27/2015 14:08:48 PAGE 7   

 358          **------------------------------------------------------------------------------------------------------
 359          ** 修改人: 陈明计
 360          ** 日　期: 2002年12月2日
 361          **------------------------------------------------------------------------------------------------------
 362          ** 修改人: 陈明计
 363          ** 日　期: 2002年12月30日
 364          **------------------------------------------------------------------------------------------------------
 365          ** 修改人:
 366          ** 日　期:
 367          **-------------------------------------------------------------------------------------------------------
 368          ********************************************************************************************************/
 369                  void  OSSched(void)
 370          
 371          {
 372   1          uint8 temp;
 373   1      
 374   1          OS_ENTER_CRITICAL();
 375   1      #if EN_OS_INT_ENTER > 0
 376   1          if (OSIntNesting == 0)              /* 是否是中断中调用 */
 377   1          {
 378   2      #endif
 379   2      
 380   2      #if OS_MAX_TASKS < 9
 381   2                      /* 查找处于就绪状态的任务中优先级最高的任务 */
 382   2              temp = OSTaskRuning;
 383   2              for (OSNextTaskID = 0; OSNextTaskID < OS_MAX_TASKS; OSNextTaskID++)
 384   2              {
 385   3                  if ((temp & 0x01) != 0)
 386   3                  {
 387   4                      break;
 388   4                  }
 389   3                  temp = temp >> 1;
 390   3              }
 391   2              OS_TASK_SW();                   /* 进行任务调度 */
 392   2      #else
                              /* 查找处于就绪状态的任务中优先级最高的任务 */
                      temp = OSTaskRuning % 256;
                      for (OSNextTaskID = 0; OSNextTaskID < 8; OSNextTaskID++)
                      {
                          if ((temp & 0x01) != 0)
                          {
                              goto TaskSw;
                          }
                          temp = temp >> 1;
                      }
              
                      temp = OSTaskRuning / 256 ;
                      for (; OSNextTaskID < OS_MAX_TASKS; OSNextTaskID++)
                      {
                          if ((temp & 0x01) != 0)
                          {
                              break;
                          }
                          temp = temp >> 1;
                      }
              TaskSw:
                      OS_TASK_SW();                   /* 进行任务调度 */
              #endif
 416   2      
 417   2      #if EN_OS_INT_ENTER > 0
 418   2          }
 419   1      #endif
C51 COMPILER V9.02   OS_CORE                                                               07/27/2015 14:08:48 PAGE 8   

 420   1          OS_EXIT_CRITICAL();
 421   1      }
 422          
 423          /*********************************************************************************************************
 424          ** 函数名称: OSTimeTick
 425          ** 功能描述: 系统时钟处理函数,处理各个任务的延时
 426          ** 输　入: 无
 427          ** 输　出: 无
 428          ** 全局变量: OSWaitTick
 429          ** 调用模块: OSIntSendSignal
 430          **
 431          ** 作　者: 陈明计
 432          ** 日　期: 2002年6月20日
 433          **-------------------------------------------------------------------------------------------------------
 434          ** 修改人: 陈明计
 435          ** 日　期: 2002年9月1日
 436          **-------------------------------------------------------------------------------------------------------
 437          ** 修改人: 陈明计
 438          ** 日　期: 2002年9月4日
 439          **------------------------------------------------------------------------------------------------------
 440          ** 修改人: 陈明计
 441          ** 日　期: 2002年12月30日
 442          **------------------------------------------------------------------------------------------------------
 443          ** 修改人:
 444          ** 日　期:
 445          **-------------------------------------------------------------------------------------------------------
 446          ********************************************************************************************************/
 447                  void  OSTimeTick(void)
 448          {
 449   1          uint8 i;
 450   1      
 451   1          for (i = 0; i < OS_MAX_TASKS; i++)                 
 452   1          {
 453   2              if (OSWaitTick[i] != 0 )
 454   2              {
 455   3                  OSWaitTick[i]--;
 456   3                  if (OSWaitTick[i] == 0)
 457   3                  {
 458   4                      OSIntSendSignal(i);
 459   4                  }
 460   3              }
 461   2          }
 462   1      }
 463          
 464          /*********************************************************************************************************
 465          ** 函数名称: OSWait
 466          ** 功能描述: 系统等待函数,任务调用此函数可以等待一定时间或信号
 467          ** 输　入: typ: 等待事件类型,目前可以取以下值,或是其中任意个值的按位或
 468          **             K_SIG: 等待信号
 469          **             K_TMO: 等待超时
 470          **        ticks : 等待超时时的系统嘀嗒数
 471          ** 输　出 : NOT_OK : 参数错误
 472          **         TMO_EVENT : 超时到
 473          **         SIG_EVENT : 有信号
 474          ** 全局变量: OSWaitTick
 475          ** 调用模块: OSClearSignal
 476          **
 477          ** 作　者: 陈明计
 478          ** 日　期: 2002年6月20日
 479          **-------------------------------------------------------------------------------------------------------
 480          ** 修改人: 陈明计
 481          ** 日　期: 2002年9月1日
C51 COMPILER V9.02   OS_CORE                                                               07/27/2015 14:08:48 PAGE 9   

 482          **-------------------------------------------------------------------------------------------------------
 483          ** 修改人: 陈明计
 484          ** 日　期: 2002年9月4日
 485          **------------------------------------------------------------------------------------------------------
 486          ** 修改人: 陈明计
 487          ** 日　期: 2002年9月9日
 488          **------------------------------------------------------------------------------------------------------
 489          ** 修改人: 陈明计
 490          ** 日　期: 2002年10月9日
 491          **------------------------------------------------------------------------------------------------------
 492          ** 修改人: 陈明计
 493          ** 日　期: 2002年12月2日
 494          **------------------------------------------------------------------------------------------------------
 495          ** 修改人:
 496          ** 日　期:
 497          **-------------------------------------------------------------------------------------------------------
 498          ********************************************************************************************************/
 499                  uint8 OSWait(uint8 typ, uint8 ticks)
 500          
 501          {
 502   1          OSWaitTick[OSTaskID] = ticks;               /* 设置超时时间         */
 503   1                                                      /* 可以优化寄存器的使用  */
 504   1          switch(typ)
 505   1          {
 506   2          case K_SIG:                                 /* 等待信号，即挂起自己  */
 507   2              OSWaitTick[OSTaskID] = 0;               /* 没有超时处理         */
 508   2              OSClearSignal(OSTaskID);                /* 任务进入等待状态     */
 509   2              OSSched();                              /* 运行下一个任务       */
 510   2              return SIG_EVENT;
 511   2          case K_TMO:                                 /* 等待超时，即延时一段时间 */
 512   2              OS_ENTER_CRITICAL();
 513   2              while (OSWaitTick[OSTaskID] != 0)       /* 判断超时时间是否到   */
 514   2              {
 515   3                  OSClearSignal(OSTaskID);            /* 任务进入等待状态     */
 516   3                  OSSched();                          /* 运行下一个任务       */
 517   3              }
 518   2              OS_EXIT_CRITICAL();
 519   2              return TMO_EVENT;
 520   2          case (K_TMO | K_SIG):                       /* 等待信号（挂起自己）直到超时  */
 521   2                                                      /* 别的任务或中断可以恢复它 */
 522   2              OS_ENTER_CRITICAL();
 523   2              if (OSWaitTick[OSTaskID] == 0)          /* 判断超时时间是否到   */
 524   2              {
 525   3                  return TMO_EVENT;
 526   3              }
 527   2              OSClearSignal(OSTaskID);                /* 任务进入等待状态     */
 528   2              OS_EXIT_CRITICAL();
 529   2              OSSched();                              /* 运行下一个任务       */
 530   2              if (OSWaitTick[OSTaskID] != 0)
 531   2              {
 532   3                  OSWaitTick[OSTaskID] = 0;
 533   3                  return SIG_EVENT;
 534   3              }
 535   2              return TMO_EVENT;
 536   2          default:
 537   2              OSWaitTick[OSTaskID] = 0;
 538   2              return NOT_OK;
 539   2          }
 540   1      }


MODULE INFORMATION:   STATIC OVERLAYABLE
C51 COMPILER V9.02   OS_CORE                                                               07/27/2015 14:08:48 PAGE 10  

   CODE SIZE        =    285    ----
   CONSTANT SIZE    =      9    ----
   XDATA SIZE       =   ----    ----
   PDATA SIZE       =   ----    ----
   DATA SIZE        =      8    ----
   IDATA SIZE       =   ----    ----
   BIT SIZE         =   ----    ----
END OF MODULE INFORMATION.


C51 COMPILATION COMPLETE.  7 WARNING(S),  0 ERROR(S)
