BL51 BANKED LINKER/LOCATER V6.22                                                        07/27/2015  14:24:09  PAGE 1


BL51 BANKED LINKER/LOCATER V6.22, INVOKED BY:
D:\KEIL_V5\C51\BIN\BL51.EXE .\list\Os_core.obj, .\list\Os_q.obj, .\list\Os_sem.obj, .\list\main.obj, .\list\Os_cpu_c.obj
>> , .\list\Os_cpu_a.obj, .\list\STC15xx_GPIO.obj, .\list\STC15xx_USART1.obj, .\list\UART.obj, .\list\GPIO.obj TO .\list
>> \test PRINT (.\list\test.m51) RAMSIZE (256)


MEMORY MODEL: SMALL


INPUT MODULES INCLUDED:
  .\list\Os_core.obj (OS_CORE)
  .\list\Os_q.obj (OS_Q)
  .\list\Os_sem.obj (OS_SEM)
  .\list\main.obj (MAIN)
  .\list\Os_cpu_c.obj (OS_CPU_C)
  .\list\Os_cpu_a.obj (OS_CPU_A_ASM)
  .\list\STC15xx_GPIO.obj (STC15XX_GPIO)
  .\list\STC15xx_USART1.obj (STC15XX_USART1)
  .\list\UART.obj (UART)
  .\list\GPIO.obj (GPIO)
  D:\KEIL_V5\C51\LIB\C51S.LIB (?C_STARTUP)
  D:\KEIL_V5\C51\LIB\C51S.LIB (?C?CLDPTR)
  D:\KEIL_V5\C51\LIB\C51S.LIB (?C?CLDOPTR)
  D:\KEIL_V5\C51\LIB\C51S.LIB (?C?ULDIV)
  D:\KEIL_V5\C51\LIB\C51S.LIB (?C?ULCMP)
  D:\KEIL_V5\C51\LIB\C51S.LIB (?C?ULSHR)
  D:\KEIL_V5\C51\LIB\C51S.LIB (?C?LLDOPTR0)
  D:\KEIL_V5\C51\LIB\C51S.LIB (?C_INIT)
  D:\KEIL_V5\C51\LIB\C51S.LIB (?C?LLDIDATA0)
  D:\KEIL_V5\C51\LIB\C51S.LIB (?C?LLDXDATA0)
  D:\KEIL_V5\C51\LIB\C51S.LIB (?C?LLDPDATA0)
  D:\KEIL_V5\C51\LIB\C51S.LIB (?C?LLDCODE0)


LINK MAP OF MODULE:  .\list\test (OS_CORE)


            TYPE    BASE      LENGTH    RELOCATION   SEGMENT NAME
            -----------------------------------------------------

            * * * * * * *   D A T A   M E M O R Y   * * * * * * *
            REG     0000H     0008H     ABSOLUTE     "REG BANK 0"
            DATA    0008H     0014H     UNIT         _DATA_GROUP_
            DATA    001CH     0008H     UNIT         ?DT?OS_CORE
            DATA    0024H     0007H     UNIT         ?DT?STC15XX_USART1
            DATA    002BH     0006H     UNIT         ?DT?OS_CPU_C
            IDATA   0031H     0050H     UNIT         ?ID?STC15XX_USART1
            IDATA   0081H     0002H     UNIT         ?STACK

            * * * * * * *   C O D E   M E M O R Y   * * * * * * *
            CODE    0000H     0003H     ABSOLUTE     
            CODE    0003H     0007H     UNIT         ?PR?_OSSENDSIGNAL?OS_CORE
                    000AH     0001H                  *** GAP ***
            CODE    000BH     0003H     ABSOLUTE     
            CODE    000EH     0015H     UNIT         ?PR?TASKA?MAIN
            CODE    0023H     0003H     ABSOLUTE     
            CODE    0026H     01C4H     UNIT         ?PR?_GPIO_INILIZE?STC15XX_GPIO
            CODE    01EAH     019FH     UNIT         ?PR?_USART_CONFIGURATION?STC15XX_USART1
BL51 BANKED LINKER/LOCATER V6.22                                                      07/27/2015  14:24:09  PAGE 2


            CODE    0389H     019EH     UNIT         ?C?LIB_CODE
            CODE    0527H     008EH     UNIT         ?PR?C_OSCTXSW?OS_CPU_C
            CODE    05B5H     008CH     UNIT         ?PR?OSSTART?OS_CPU_C
            CODE    0641H     008CH     UNIT         ?C_C51STARTUP
            CODE    06CDH     0079H     UNIT         ?PR?_OSWAIT?OS_CORE
            CODE    0746H     0058H     UNIT         ?PR?UART1_INT?STC15XX_USART1
            CODE    079EH     0046H     UNIT         ?PR?OSTICKISR?OS_CPU_C
            CODE    07E4H     0033H     UNIT         ?PR?LOADCTX?OS_CPU_A
            CODE    0817H     002FH     UNIT         ?PR?OSINTEXIT?OS_CORE
            CODE    0846H     002FH     UNIT         ?PR?OSINTCTXSW?OS_CPU_A
            CODE    0875H     002CH     UNIT         ?PR?UART1_CONFIG?UART
            CODE    08A1H     0028H     UNIT         ?PR?GPIO_CONFIG?GPIO
            CODE    08C9H     0027H     UNIT         ?CO?MAIN
            CODE    08F0H     0024H     UNIT         ?PR?OSSCHED?OS_CORE
            CODE    0914H     0024H     UNIT         ?PR?MAIN?MAIN
            CODE    0938H     001DH     UNIT         ?PR?_TX1_WRITE2BUFF?STC15XX_USART1
            CODE    0955H     001BH     UNIT         ?PR?OSTIMETICK?OS_CORE
            CODE    0970H     0018H     UNIT         ?PR?_OSCLEARSIGNAL?OS_CORE
            CODE    0988H     0017H     UNIT         ?PR?_OSINTSENDSIGNAL?OS_CORE
            CODE    099FH     0015H     UNIT         ?PR?TASKB?MAIN
            CODE    09B4H     0015H     UNIT         ?PR?TASKC?MAIN
            CODE    09C9H     0013H     UNIT         ?PR?_PRINTSTRING1?STC15XX_USART1
            CODE    09DCH     0010H     UNIT         ?C_INITSEG
            CODE    09ECH     000DH     UNIT         ?PR?OSCTXSW?OS_CPU_A
            CODE    09F9H     0009H     UNIT         ?CO?OS_CORE
            CODE    0A02H     0009H     UNIT         ?CO?OS_CPU_C
            CODE    0A0BH     0006H     UNIT         ?PR?OSIDLE?OS_CPU_C



OVERLAY MAP OF MODULE:   .\list\test (OS_CORE)


SEGMENT                                           DATA_GROUP 
  +--> CALLED SEGMENT                           START    LENGTH
---------------------------------------------------------------
?PR?OSTICKISR?OS_CPU_C                          -----    -----
  +--> ?PR?OSTIMETICK?OS_CORE
  +--> ?PR?OSINTEXIT?OS_CORE

?PR?OSTIMETICK?OS_CORE                          -----    -----
  +--> ?PR?_OSINTSENDSIGNAL?OS_CORE

?PR?_OSINTSENDSIGNAL?OS_CORE                    -----    -----
  +--> ?CO?OS_CORE

?PR?OSINTEXIT?OS_CORE                           -----    -----
  +--> ?PR?OSINTCTXSW?OS_CPU_A

?PR?OSINTCTXSW?OS_CPU_A                         -----    -----
  +--> ?PR?OSCTXSW?OS_CPU_A
  +--> ?CO?OS_CORE
  +--> ?PR?C_OSCTXSW?OS_CPU_C

?PR?OSCTXSW?OS_CPU_A                            -----    -----
  +--> ?CO?OS_CORE
  +--> ?PR?C_OSCTXSW?OS_CPU_C
BL51 BANKED LINKER/LOCATER V6.22                                                      07/27/2015  14:24:09  PAGE 3



?PR?C_OSCTXSW?OS_CPU_C                          -----    -----
  +--> ?PR?LOADCTX?OS_CPU_A

?PR?LOADCTX?OS_CPU_A                            -----    -----
  +--> ?CO?OS_CORE

*** NEW ROOT ***************************************************

?C_C51STARTUP                                   -----    -----
  +--> ?PR?MAIN?MAIN
  +--> ?C_INITSEG

?PR?MAIN?MAIN                                   -----    -----
  +--> ?PR?GPIO_CONFIG?GPIO
  +--> ?PR?UART1_CONFIG?UART
  +--> ?CO?MAIN
  +--> ?PR?_PRINTSTRING1?STC15XX_USART1
  +--> ?PR?OSSTART?OS_CPU_C

?PR?GPIO_CONFIG?GPIO                            0008H    0002H
  +--> ?PR?_GPIO_INILIZE?STC15XX_GPIO

?PR?UART1_CONFIG?UART                           0008H    000DH
  +--> ?PR?_USART_CONFIGURATION?STC15XX_USART1

?PR?_USART_CONFIGURATION?STC15XX_USART1         0015H    0007H

?PR?_PRINTSTRING1?STC15XX_USART1                -----    -----
  +--> ?PR?_TX1_WRITE2BUFF?STC15XX_USART1

?PR?OSSTART?OS_CPU_C                            -----    -----
  +--> ?CO?OS_CPU_C
  +--> ?PR?OSIDLE?OS_CPU_C

?CO?OS_CPU_C                                    -----    -----
  +--> ?PR?TASKA?MAIN
  +--> ?PR?TASKB?MAIN
  +--> ?PR?TASKC?MAIN

?PR?TASKA?MAIN                                  -----    -----
  +--> ?PR?_OSWAIT?OS_CORE
  +--> ?CO?MAIN
  +--> ?PR?_PRINTSTRING1?STC15XX_USART1

?PR?_OSWAIT?OS_CORE                             -----    -----
  +--> ?PR?_OSCLEARSIGNAL?OS_CORE
  +--> ?PR?OSSCHED?OS_CORE

?PR?_OSCLEARSIGNAL?OS_CORE                      -----    -----
  +--> ?CO?OS_CORE

?PR?OSSCHED?OS_CORE                             -----    -----
  +--> ?PR?OSCTXSW?OS_CPU_A

?PR?TASKB?MAIN                                  -----    -----
  +--> ?PR?_OSWAIT?OS_CORE
BL51 BANKED LINKER/LOCATER V6.22                                                      07/27/2015  14:24:09  PAGE 4


  +--> ?CO?MAIN
  +--> ?PR?_PRINTSTRING1?STC15XX_USART1

?PR?TASKC?MAIN                                  -----    -----
  +--> ?PR?_OSWAIT?OS_CORE
  +--> ?CO?MAIN
  +--> ?PR?_PRINTSTRING1?STC15XX_USART1



SYMBOL TABLE OF MODULE:  .\list\test (OS_CORE)

  VALUE           TYPE          NAME
  ----------------------------------

  -------         MODULE        OS_CORE
  C:0000H         SYMBOL        _ICE_DUMMY_
  D:0080H         PUBLIC        P0
  D:0090H         PUBLIC        P1
  D:00A0H         PUBLIC        P2
  D:00B0H         PUBLIC        P3
  D:00C0H         PUBLIC        P4
  D:00C8H         PUBLIC        P5
  B:00A8H.7       PUBLIC        EA
  C:08F0H         PUBLIC        OSSched
  D:00A8H         PUBLIC        IE
  C:0003H         PUBLIC        _OSSendSignal
  D:00B8H         PUBLIC        IP
  D:00D8H         PUBLIC        CCON
  D:001CH         PUBLIC        OSIntNesting
  D:001DH         PUBLIC        OSTaskRuning
  D:0098H         PUBLIC        SCON
  D:0088H         PUBLIC        TCON
  C:06CDH         PUBLIC        _OSWait
  D:001EH         PUBLIC        Os_Enter_Sum
  C:0988H         PUBLIC        _OSIntSendSignal
  D:00F0H         PUBLIC        B
  C:0955H         PUBLIC        OSTimeTick
  D:001FH         PUBLIC        OSTaskID
  D:00E0H         PUBLIC        ACC
  D:0020H         PUBLIC        OSWaitTick
  C:09F9H         PUBLIC        OSMapTbl
  D:0023H         PUBLIC        OSNextTaskID
  C:0817H         PUBLIC        OSIntExit
  C:0970H         PUBLIC        _OSClearSignal
  D:00D0H         PUBLIC        PSW
  -------         PROC          _OSINTSENDSIGNAL
  D:0007H         SYMBOL        TaskId
  C:0988H         LINE#         156
  C:0988H         LINE#         158
  C:0988H         LINE#         159
  C:098EH         LINE#         160
  C:098EH         LINE#         161
  C:0992H         LINE#         163
  C:0999H         LINE#         174
  C:099EH         LINE#         175
  C:099EH         LINE#         176
BL51 BANKED LINKER/LOCATER V6.22                                                      07/27/2015  14:24:09  PAGE 5


  -------         ENDPROC       _OSINTSENDSIGNAL
  -------         PROC          _OSSENDSIGNAL
  D:0007H         SYMBOL        TaskId
  C:0003H         LINE#         196
  C:0003H         LINE#         198
  C:0003H         LINE#         199
  C:0006H         LINE#         200
  C:0009H         LINE#         201
  -------         ENDPROC       _OSSENDSIGNAL
  -------         PROC          _OSCLEARSIGNAL
  D:0007H         SYMBOL        TaskId
  C:0970H         LINE#         228
  C:0970H         LINE#         229
  C:0970H         LINE#         230
  C:0976H         LINE#         231
  C:0976H         LINE#         232
  C:097AH         LINE#         234
  C:0982H         LINE#         245
  C:0987H         LINE#         246
  C:0987H         LINE#         247
  -------         ENDPROC       _OSCLEARSIGNAL
  -------         PROC          OSINTEXIT
  -------         DO            
  D:0007H         SYMBOL        temp
  -------         ENDDO         
  C:0817H         LINE#         279
  C:0817H         LINE#         281
  C:0817H         LINE#         284
  C:081BH         LINE#         287
  C:0822H         LINE#         288
  C:0822H         LINE#         289
  C:0824H         LINE#         290
  C:0824H         LINE#         291
  C:0828H         LINE#         292
  C:0828H         LINE#         295
  C:082AH         LINE#         298
  C:082CH         LINE#         299
  C:082EH         LINE#         300
  C:082EH         LINE#         301
  C:0832H         LINE#         302
  C:0832H         LINE#         303
  C:0832H         LINE#         304
  C:0832H         LINE#         305
  C:0836H         LINE#         306
  C:083DH         LINE#         307
  C:0840H         LINE#         334
  C:0840H         LINE#         336
  C:0845H         LINE#         337
  -------         ENDPROC       OSINTEXIT
  -------         PROC          OSSCHED
  -------         DO            
  D:0007H         SYMBOL        temp
  -------         ENDDO         
  C:08F0H         LINE#         369
  C:08F0H         LINE#         371
  C:08F0H         LINE#         374
  C:08F4H         LINE#         376
BL51 BANKED LINKER/LOCATER V6.22                                                      07/27/2015  14:24:09  PAGE 6


  C:08F8H         LINE#         377
  C:08F8H         LINE#         382
  C:08FAH         LINE#         383
  C:08FCH         LINE#         384
  C:08FCH         LINE#         385
  C:0900H         LINE#         386
  C:0900H         LINE#         387
  C:0900H         LINE#         388
  C:0900H         LINE#         389
  C:0904H         LINE#         390
  C:090BH         LINE#         391
  C:090EH         LINE#         418
  C:090EH         LINE#         420
  C:0913H         LINE#         421
  -------         ENDPROC       OSSCHED
  -------         PROC          OSTIMETICK
  -------         DO            
  D:0006H         SYMBOL        i
  -------         ENDDO         
  C:0955H         LINE#         447
  C:0955H         LINE#         448
  C:0955H         LINE#         451
  C:0957H         LINE#         452
  C:0957H         LINE#         453
  C:095EH         LINE#         454
  C:095EH         LINE#         455
  C:095FH         LINE#         456
  C:0966H         LINE#         457
  C:0966H         LINE#         458
  C:096BH         LINE#         459
  C:096BH         LINE#         460
  C:096BH         LINE#         461
  C:096FH         LINE#         462
  -------         ENDPROC       OSTIMETICK
  -------         PROC          _OSWAIT
  D:0007H         SYMBOL        typ
  D:0005H         SYMBOL        ticks
  C:06CDH         LINE#         499
  C:06CDH         LINE#         501
  C:06CDH         LINE#         502
  C:06D4H         LINE#         504
  C:06E0H         LINE#         505
  C:06E0H         LINE#         506
  C:06E0H         LINE#         507
  C:06E7H         LINE#         508
  C:06ECH         LINE#         509
  C:06EFH         LINE#         510
  C:06F2H         LINE#         511
  C:06F2H         LINE#         512
  C:06F6H         LINE#         513
  C:06FEH         LINE#         514
  C:06FEH         LINE#         515
  C:0703H         LINE#         516
  C:0706H         LINE#         517
  C:0708H         LINE#         518
  C:070DH         LINE#         519
  C:0710H         LINE#         520
BL51 BANKED LINKER/LOCATER V6.22                                                      07/27/2015  14:24:09  PAGE 7


  C:0710H         LINE#         522
  C:0714H         LINE#         523
  C:071CH         LINE#         524
  C:071CH         LINE#         525
  C:071FH         LINE#         526
  C:071FH         LINE#         527
  C:0724H         LINE#         528
  C:0729H         LINE#         529
  C:072CH         LINE#         530
  C:0734H         LINE#         531
  C:0734H         LINE#         532
  C:0736H         LINE#         533
  C:0739H         LINE#         534
  C:0739H         LINE#         535
  C:073CH         LINE#         536
  C:073CH         LINE#         537
  C:0743H         LINE#         538
  C:0745H         LINE#         539
  C:0745H         LINE#         540
  -------         ENDPROC       _OSWAIT
  -------         ENDMOD        OS_CORE

  -------         MODULE        OS_Q
  C:0000H         SYMBOL        _ICE_DUMMY_
  D:0080H         PUBLIC        P0
  D:0090H         PUBLIC        P1
  D:00A0H         PUBLIC        P2
  D:00B0H         PUBLIC        P3
  D:00C0H         PUBLIC        P4
  D:00C8H         PUBLIC        P5
  D:00A8H         PUBLIC        IE
  D:00B8H         PUBLIC        IP
  D:00D8H         PUBLIC        CCON
  D:0098H         PUBLIC        SCON
  D:0088H         PUBLIC        TCON
  D:00F0H         PUBLIC        B
  D:00E0H         PUBLIC        ACC
  D:00D0H         PUBLIC        PSW
  -------         ENDMOD        OS_Q

  -------         MODULE        OS_SEM
  C:0000H         SYMBOL        _ICE_DUMMY_
  D:0080H         PUBLIC        P0
  D:0090H         PUBLIC        P1
  D:00A0H         PUBLIC        P2
  D:00B0H         PUBLIC        P3
  D:00C0H         PUBLIC        P4
  D:00C8H         PUBLIC        P5
  D:00A8H         PUBLIC        IE
  D:00B8H         PUBLIC        IP
  D:00D8H         PUBLIC        CCON
  D:0098H         PUBLIC        SCON
  D:0088H         PUBLIC        TCON
  D:00F0H         PUBLIC        B
  D:00E0H         PUBLIC        ACC
  D:00D0H         PUBLIC        PSW
  -------         ENDMOD        OS_SEM
BL51 BANKED LINKER/LOCATER V6.22                                                      07/27/2015  14:24:09  PAGE 8



  -------         MODULE        MAIN
  C:0000H         SYMBOL        _ICE_DUMMY_
  D:0080H         PUBLIC        P0
  D:0090H         PUBLIC        P1
  D:00A0H         PUBLIC        P2
  D:00B0H         PUBLIC        P3
  D:00C0H         PUBLIC        P4
  D:00C8H         PUBLIC        P5
  D:00A8H         PUBLIC        IE
  D:00B8H         PUBLIC        IP
  D:00D8H         PUBLIC        CCON
  C:0914H         PUBLIC        main
  D:0098H         PUBLIC        SCON
  D:0089H         PUBLIC        TMOD
  D:0088H         PUBLIC        TCON
  D:00F0H         PUBLIC        B
  D:00E0H         PUBLIC        ACC
  B:00A8H.1       PUBLIC        ET0
  D:008CH         PUBLIC        TH0
  D:008AH         PUBLIC        TL0
  C:000EH         PUBLIC        TaskA
  B:0088H.4       PUBLIC        TR0
  C:099FH         PUBLIC        TaskB
  C:09B4H         PUBLIC        TaskC
  B:0080H.0       PUBLIC        led0
  B:0080H.1       PUBLIC        led1
  B:0080H.2       PUBLIC        led2
  D:00D0H         PUBLIC        PSW
  -------         PROC          MAIN
  C:0914H         LINE#         8
  C:0914H         LINE#         9
  C:0914H         LINE#         10
  C:091CH         LINE#         11
  C:091FH         LINE#         12
  C:0921H         LINE#         13
  C:0923H         LINE#         14
  C:0925H         LINE#         15
  C:0928H         LINE#         16
  C:092BH         LINE#         17
  C:0934H         LINE#         18
  C:0937H         LINE#         19
  -------         ENDPROC       MAIN
  -------         PROC          TASKA
  C:000EH         LINE#         21
  C:000EH         LINE#         22
  C:000EH         LINE#         23
  C:000EH         LINE#         24
  C:000EH         LINE#         25
  C:0010H         LINE#         26
  C:0017H         LINE#         27
  C:0020H         LINE#         28
  -------         ENDPROC       TASKA
  -------         PROC          TASKB
  C:099FH         LINE#         31
  C:099FH         LINE#         32
  C:099FH         LINE#         33
BL51 BANKED LINKER/LOCATER V6.22                                                      07/27/2015  14:24:09  PAGE 9


  C:099FH         LINE#         34
  C:099FH         LINE#         35
  C:09A1H         LINE#         36
  C:09A8H         LINE#         37
  C:09B1H         LINE#         38
  -------         ENDPROC       TASKB
  -------         PROC          TASKC
  C:09B4H         LINE#         41
  C:09B4H         LINE#         42
  C:09B4H         LINE#         43
  C:09B4H         LINE#         44
  C:09B4H         LINE#         45
  C:09B6H         LINE#         46
  C:09BDH         LINE#         47
  C:09C6H         LINE#         48
  -------         ENDPROC       TASKC
  -------         ENDMOD        MAIN

  -------         MODULE        OS_CPU_C
  C:0000H         SYMBOL        _ICE_DUMMY_
  D:0080H         PUBLIC        P0
  D:0090H         PUBLIC        P1
  D:00A0H         PUBLIC        P2
  D:00B0H         PUBLIC        P3
  D:00C0H         PUBLIC        P4
  D:00C8H         PUBLIC        P5
  B:00A8H.7       PUBLIC        EA
  D:00A8H         PUBLIC        IE
  D:00B8H         PUBLIC        IP
  C:079EH         PUBLIC        OSTickISR
  C:0A0BH         PUBLIC        OSIdle
  D:0081H         PUBLIC        SP
  D:00D8H         PUBLIC        CCON
  D:002BH         PUBLIC        OSTsakStackBotton
  D:0087H         PUBLIC        PCON
  C:05B5H         PUBLIC        OSStart
  D:0098H         PUBLIC        SCON
  D:0088H         PUBLIC        TCON
  D:00F0H         PUBLIC        B
  D:00E0H         PUBLIC        ACC
  D:0030H         PUBLIC        OSFastSwap
  C:0A02H         PUBLIC        TaskFuction
  D:00D0H         PUBLIC        PSW
  -------         PROC          OSIDLE
  C:0A0BH         LINE#         172
  C:0A0BH         LINE#         173
  C:0A0BH         LINE#         174
  C:0A0BH         LINE#         175
  C:0A0BH         LINE#         176
  C:0A0EH         LINE#         177
  -------         ENDPROC       OSIDLE
  -------         PROC          OSSTART
  -------         DO            
  D:0005H         SYMBOL        cp
  D:0004H         SYMBOL        i
  -------         ENDDO         
  C:05B5H         LINE#         201
BL51 BANKED LINKER/LOCATER V6.22                                                      07/27/2015  14:24:09  PAGE 10


  C:05B5H         LINE#         203
  C:05B5H         LINE#         207
  C:05B9H         LINE#         209
  C:05BBH         LINE#         210
  C:05BEH         LINE#         213
  C:05D1H         LINE#         214
  C:05D3H         LINE#         215
  C:05D6H         LINE#         218
  C:05D8H         LINE#         219
  C:05DDH         LINE#         220
  C:05E5H         LINE#         221
  C:05E7H         LINE#         222
  C:05ECH         LINE#         225
  C:05EEH         LINE#         226
  C:05EEH         LINE#         227
  C:05F5H         LINE#         228
  C:0613H         LINE#         229
  C:0619H         LINE#         230
  C:0636H         LINE#         231
  C:0638H         LINE#         233
  C:063BH         LINE#         234
  C:0640H         LINE#         236
  -------         ENDPROC       OSSTART
  -------         PROC          OSTICKISR
  C:079EH         LINE#         259
  C:07BDH         LINE#         279
  C:07C1H         LINE#         284
  C:07C4H         LINE#         289
  C:07C7H         LINE#         290
  -------         ENDPROC       OSTICKISR
  -------         ENDMOD        OS_CPU_C

  -------         MODULE        OS_CPU_A_ASM
  C:09ECH         SEGMENT       ?PR?OSCTXSW?OS_CPU_A
  C:0846H         SEGMENT       ?PR?OSINTCTXSW?OS_CPU_A
  C:07E4H         SEGMENT       ?PR?LOADCTX?OS_CPU_A
  C:0527H         SEGMENT       ?PR?C_OSCTXSW?OS_CPU_C
  I:0081H         SEGMENT       ?STACK
  C:07E4H         PUBLIC        LOADCTX
  C:09ECH         PUBLIC        OSCTXSW
  C:0846H         PUBLIC        OSINTCTXSW
  I:0081H         PUBLIC        STACK
  C:0576H         SYMBOL        ?C0001
  C:0547H         SYMBOL        ?C0002
  C:054DH         SYMBOL        ?C0003
  C:056AH         SYMBOL        ?C0004
  C:0570H         SYMBOL        ?C0005
  C:05AFH         SYMBOL        ?C0007
  C:0580H         SYMBOL        ?C0008
  C:0586H         SYMBOL        ?C0009
  C:05B2H         SYMBOL        ?C000R
  C:05A4H         SYMBOL        ?C0010
  C:05AAH         SYMBOL        ?C0011
  D:00E0H         SYMBOL        ACC
  D:00F0H         SYMBOL        B
  C:0527H         SYMBOL        C_OSCTXSW
  D:0083H         SYMBOL        DPH
BL51 BANKED LINKER/LOCATER V6.22                                                      07/27/2015  14:24:09  PAGE 11


  D:0082H         SYMBOL        DPL
  B:00A8H.7       SYMBOL        EA
  C:07EDH         SYMBOL        LOADCTX_0
  C:080FH         SYMBOL        LOADCTX_2
  C:0816H         SYMBOL        LOADCTX_3
  C:085BH         SYMBOL        OSINTCTXSW_0
  N:0000H         SYMBOL        OS_CPU_A_ASM
  D:00D0H         SYMBOL        PSW
  D:0081H         SYMBOL        SP
  C:07E4H         LINE#         127
  C:07E6H         LINE#         129
  C:07E8H         LINE#         130
  C:07EBH         LINE#         131
  C:07EDH         LINE#         133
  C:07F0H         LINE#         135
  C:07F1H         LINE#         136
  C:07F3H         LINE#         148
  C:07F5H         LINE#         150
  C:07F7H         LINE#         151
  C:07F9H         LINE#         152
  C:07FBH         LINE#         153
  C:07FDH         LINE#         154
  C:07FFH         LINE#         155
  C:0801H         LINE#         156
  C:0803H         LINE#         157
  C:0805H         LINE#         158
  C:0807H         LINE#         159
  C:0809H         LINE#         160
  C:080BH         LINE#         161
  C:080DH         LINE#         162
  C:080FH         LINE#         165
  C:0811H         LINE#         166
  C:0814H         LINE#         167
  C:0816H         LINE#         169
  C:09ECH         LINE#         191
  C:09EFH         LINE#         192
  C:09F1H         LINE#         194
  C:09F2H         LINE#         195
  C:09F4H         LINE#         196
  C:09F6H         LINE#         211
  C:0527H         LINE#         233
  C:0529H         LINE#         234
  C:052BH         LINE#         237
  C:052DH         LINE#         243
  C:052EH         LINE#         245
  C:0530H         LINE#         246
  C:0532H         LINE#         247
  C:0533H         LINE#         248
  C:0534H         LINE#         249
  C:0535H         LINE#         251
  C:0537H         LINE#         252
  C:0539H         LINE#         253
  C:053AH         LINE#         254
  C:053BH         LINE#         255
  C:053CH         LINE#         257
  C:053EH         LINE#         258
  C:053FH         LINE#         259
BL51 BANKED LINKER/LOCATER V6.22                                                      07/27/2015  14:24:09  PAGE 12


  C:0541H         LINE#         260
  C:0543H         LINE#         266
  C:0544H         LINE#         267
  C:0545H         LINE#         268
  C:0546H         LINE#         269
  C:0547H         LINE#         271
  C:0548H         LINE#         272
  C:0549H         LINE#         273
  C:054AH         LINE#         274
  C:054BH         LINE#         275
  C:054DH         LINE#         278
  C:054FH         LINE#         279
  C:0551H         LINE#         280
  C:0552H         LINE#         281
  C:0553H         LINE#         282
  C:0554H         LINE#         284
  C:0555H         LINE#         285
  C:0556H         LINE#         287
  C:0557H         LINE#         288
  C:0559H         LINE#         293
  C:055BH         LINE#         294
  C:055CH         LINE#         295
  C:055EH         LINE#         296
  C:055FH         LINE#         297
  C:0561H         LINE#         299
  C:0563H         LINE#         300
  C:0565H         LINE#         301
  C:0566H         LINE#         302
  C:0567H         LINE#         303
  C:0568H         LINE#         304
  C:0569H         LINE#         305
  C:056AH         LINE#         307
  C:056BH         LINE#         308
  C:056CH         LINE#         309
  C:056DH         LINE#         310
  C:056EH         LINE#         311
  C:0570H         LINE#         314
  C:0573H         LINE#         316
  C:0576H         LINE#         321
  C:0578H         LINE#         322
  C:057AH         LINE#         323
  C:057CH         LINE#         335
  C:057DH         LINE#         336
  C:057EH         LINE#         337
  C:057FH         LINE#         338
  C:0580H         LINE#         340
  C:0581H         LINE#         341
  C:0582H         LINE#         342
  C:0583H         LINE#         343
  C:0584H         LINE#         344
  C:0586H         LINE#         347
  C:0588H         LINE#         348
  C:058AH         LINE#         349
  C:058BH         LINE#         350
  C:058CH         LINE#         351
  C:058DH         LINE#         353
  C:058EH         LINE#         354
BL51 BANKED LINKER/LOCATER V6.22                                                      07/27/2015  14:24:09  PAGE 13


  C:058FH         LINE#         356
  C:0591H         LINE#         357
  C:0593H         LINE#         358
  C:0594H         LINE#         359
  C:0595H         LINE#         360
  C:0597H         LINE#         366
  C:0599H         LINE#         367
  C:059AH         LINE#         368
  C:059CH         LINE#         369
  C:059EH         LINE#         371
  C:059FH         LINE#         372
  C:05A1H         LINE#         373
  C:05A3H         LINE#         374
  C:05A4H         LINE#         376
  C:05A5H         LINE#         377
  C:05A6H         LINE#         378
  C:05A7H         LINE#         379
  C:05A8H         LINE#         380
  C:05AAH         LINE#         384
  C:05ADH         LINE#         386
  C:05AFH         LINE#         390
  C:05B2H         LINE#         395
  C:0846H         LINE#         419
  C:0848H         LINE#         420
  C:084AH         LINE#         421
  C:084CH         LINE#         424
  C:084EH         LINE#         425
  C:0850H         LINE#         426
  C:0852H         LINE#         428
  C:0854H         LINE#         429
  C:0856H         LINE#         430
  C:0858H         LINE#         431
  C:085AH         LINE#         432
  C:085BH         LINE#         436
  C:085DH         LINE#         437
  C:085FH         LINE#         438
  C:0861H         LINE#         440
  C:0864H         LINE#         441
  C:0866H         LINE#         443
  C:0867H         LINE#         444
  C:0868H         LINE#         445
  C:086AH         LINE#         446
  C:086CH         LINE#         465
  C:086EH         LINE#         466
  C:0870H         LINE#         467
  C:0872H         LINE#         468
  C:0874H         LINE#         469
  -------         ENDMOD        OS_CPU_A_ASM

  -------         MODULE        STC15XX_GPIO
  C:0000H         SYMBOL        _ICE_DUMMY_
  D:0093H         PUBLIC        P0M1
  D:0092H         PUBLIC        P1M0
  D:0096H         PUBLIC        P2M0
  D:0091H         PUBLIC        P1M1
  D:0080H         PUBLIC        P0
  D:00B2H         PUBLIC        P3M0
BL51 BANKED LINKER/LOCATER V6.22                                                      07/27/2015  14:24:09  PAGE 14


  D:0095H         PUBLIC        P2M1
  D:0090H         PUBLIC        P1
  D:00B4H         PUBLIC        P4M0
  D:00B1H         PUBLIC        P3M1
  D:00A0H         PUBLIC        P2
  D:00CAH         PUBLIC        P5M0
  D:00B3H         PUBLIC        P4M1
  D:00B0H         PUBLIC        P3
  D:00C9H         PUBLIC        P5M1
  D:00C0H         PUBLIC        P4
  D:00C8H         PUBLIC        P5
  D:00A8H         PUBLIC        IE
  D:00B8H         PUBLIC        IP
  D:00D8H         PUBLIC        CCON
  D:0098H         PUBLIC        SCON
  D:0088H         PUBLIC        TCON
  D:00F0H         PUBLIC        B
  D:00E0H         PUBLIC        ACC
  C:0026H         PUBLIC        _GPIO_Inilize
  D:00D0H         PUBLIC        PSW
  D:0094H         PUBLIC        P0M0
  -------         PROC          _GPIO_INILIZE
  D:0007H         SYMBOL        GPIO
  D:0001H         SYMBOL        GPIOx
  C:0026H         LINE#         19
  C:0026H         LINE#         20
  C:0026H         LINE#         21
  C:002FH         LINE#         22
  C:003BH         LINE#         23
  C:003EH         LINE#         24
  C:003EH         LINE#         25
  C:004CH         LINE#         26
  C:005DH         LINE#         27
  C:006EH         LINE#         28
  C:007FH         LINE#         29
  C:007FH         LINE#         30
  C:0084H         LINE#         31
  C:0084H         LINE#         32
  C:0095H         LINE#         33
  C:00A4H         LINE#         34
  C:00B4H         LINE#         35
  C:00C7H         LINE#         36
  C:00C7H         LINE#         37
  C:00CCH         LINE#         38
  C:00CCH         LINE#         39
  C:00DDH         LINE#         40
  C:00ECH         LINE#         41
  C:00FCH         LINE#         42
  C:010FH         LINE#         43
  C:010FH         LINE#         44
  C:0114H         LINE#         45
  C:0114H         LINE#         46
  C:0125H         LINE#         47
  C:0134H         LINE#         48
  C:0144H         LINE#         49
  C:0157H         LINE#         50
  C:0157H         LINE#         51
BL51 BANKED LINKER/LOCATER V6.22                                                      07/27/2015  14:24:09  PAGE 15


  C:015CH         LINE#         52
  C:015CH         LINE#         53
  C:016DH         LINE#         54
  C:017CH         LINE#         55
  C:018CH         LINE#         56
  C:019FH         LINE#         57
  C:019FH         LINE#         58
  C:01A4H         LINE#         59
  C:01A4H         LINE#         60
  C:01B5H         LINE#         61
  C:01C4H         LINE#         62
  C:01D4H         LINE#         63
  C:01E7H         LINE#         64
  C:01E7H         LINE#         65
  C:01E9H         LINE#         66
  -------         ENDPROC       _GPIO_INILIZE
  -------         ENDMOD        STC15XX_GPIO

  -------         MODULE        STC15XX_USART1
  C:0000H         SYMBOL        _ICE_DUMMY_
  D:0080H         PUBLIC        P0
  D:0090H         PUBLIC        P1
  D:00A0H         PUBLIC        P2
  D:00B0H         PUBLIC        P3
  D:00C0H         PUBLIC        P4
  D:00C8H         PUBLIC        P5
  D:00A2H         PUBLIC        P_SW1
  D:00A8H         PUBLIC        IE
  D:0024H         PUBLIC        COM1
  B:00A8H.4       PUBLIC        ES
  D:00B8H         PUBLIC        IP
  I:0031H         PUBLIC        RX1_Buffer
  B:0098H.0       PUBLIC        RI
  C:0746H         PUBLIC        UART1_int
  I:0059H         PUBLIC        TX1_Buffer
  B:0098H.1       PUBLIC        TI
  B:00B8H.4       PUBLIC        PS
  D:00D8H         PUBLIC        CCON
  D:0099H         PUBLIC        SBUF
  D:0087H         PUBLIC        PCON
  D:0098H         PUBLIC        SCON
  D:0089H         PUBLIC        TMOD
  D:0088H         PUBLIC        TCON
  C:09C9H         PUBLIC        _PrintString1
  D:00AFH         PUBLIC        IE2
  D:00F0H         PUBLIC        B
  D:008EH         PUBLIC        AUXR
  C:0938H         PUBLIC        _TX1_write2buff
  D:00E0H         PUBLIC        ACC
  B:00A8H.3       PUBLIC        ET1
  D:008DH         PUBLIC        TH1
  D:00D6H         PUBLIC        TH2
  D:008BH         PUBLIC        TL1
  D:00D7H         PUBLIC        TL2
  C:01EAH         PUBLIC        _USART_Configuration
  B:0088H.6       PUBLIC        TR1
  D:0097H         PUBLIC        PCON2
BL51 BANKED LINKER/LOCATER V6.22                                                      07/27/2015  14:24:09  PAGE 16


  B:0098H.4       PUBLIC        REN
  D:008FH         PUBLIC        INT_CLKO
  D:00D0H         PUBLIC        PSW
  -------         PROC          _USART_CONFIGURATION
  D:0007H         SYMBOL        UARTx
  D:0015H         SYMBOL        COMx
  -------         DO            
  D:0007H         SYMBOL        i
  D:0018H         SYMBOL        j
  -------         ENDDO         
  C:01EAH         LINE#         22
  C:01F0H         LINE#         23
  C:01F0H         LINE#         27
  C:01F8H         LINE#         28
  C:01F8H         LINE#         29
  C:01FBH         LINE#         30
  C:01FDH         LINE#         31
  C:01FFH         LINE#         32
  C:0201H         LINE#         33
  C:0203H         LINE#         34
  C:0205H         LINE#         35
  C:0207H         LINE#         36
  C:0211H         LINE#         37
  C:021EH         LINE#         39
  C:022FH         LINE#         40
  C:023CH         LINE#         41
  C:023EH         LINE#         42
  C:0249H         LINE#         43
  C:0256H         LINE#         44
  C:0256H         LINE#         45
  C:026FH         LINE#         46
  C:0286H         LINE#         47
  C:029CH         LINE#         48
  C:02ADH         LINE#         49
  C:02ADH         LINE#         50
  C:02AFH         LINE#         51
  C:02B2H         LINE#         52
  C:02B5H         LINE#         53
  C:02B8H         LINE#         54
  C:02BBH         LINE#         55
  C:02CAH         LINE#         56
  C:02CDH         LINE#         57
  C:02CFH         LINE#         58
  C:02D2H         LINE#         59
  C:02D5H         LINE#         60
  C:02D7H         LINE#         61
  C:02D9H         LINE#         62
  C:02DEH         LINE#         63
  C:02DEH         LINE#         64
  C:02E1H         LINE#         65
  C:02E4H         LINE#         66
  C:02E7H         LINE#         67
  C:02EAH         LINE#         68
  C:02F9H         LINE#         69
  C:02FCH         LINE#         70
  C:02FFH         LINE#         71
  C:0302H         LINE#         72
BL51 BANKED LINKER/LOCATER V6.22                                                      07/27/2015  14:24:09  PAGE 17


  C:0305H         LINE#         73
  C:0307H         LINE#         74
  C:030AH         LINE#         75
  C:030AH         LINE#         76
  C:0316H         LINE#         77
  C:0316H         LINE#         78
  C:0324H         LINE#         79
  C:0327H         LINE#         80
  C:0329H         LINE#         81
  C:032DH         LINE#         82
  C:032DH         LINE#         83
  C:033BH         LINE#         84
  C:033EH         LINE#         85
  C:033EH         LINE#         86
  C:0351H         LINE#         87
  C:0353H         LINE#         88
  C:0360H         LINE#         89
  C:0362H         LINE#         90
  C:0372H         LINE#         91
  C:0380H         LINE#         92
  C:0383H         LINE#         93
  C:0386H         LINE#         94
  C:0386H         LINE#         95
  C:0388H         LINE#         96
  -------         ENDPROC       _USART_CONFIGURATION
  -------         PROC          _TX1_WRITE2BUFF
  D:0007H         SYMBOL        dat
  C:0938H         LINE#         101
  C:0938H         LINE#         102
  C:0938H         LINE#         103
  C:093FH         LINE#         104
  C:094BH         LINE#         106
  C:094FH         LINE#         107
  C:094FH         LINE#         108
  C:0952H         LINE#         109
  C:0954H         LINE#         110
  C:0954H         LINE#         111
  -------         ENDPROC       _TX1_WRITE2BUFF
  -------         PROC          _PRINTSTRING1
  D:0001H         SYMBOL        puts
  C:09C9H         LINE#         113
  C:09C9H         LINE#         114
  C:09C9H         LINE#         115
  C:09DBH         LINE#         116
  -------         ENDPROC       _PRINTSTRING1
  -------         PROC          UART1_INT
  C:0746H         LINE#         121
  C:0751H         LINE#         123
  C:0754H         LINE#         124
  C:0754H         LINE#         125
  C:0756H         LINE#         126
  C:075AH         LINE#         127
  C:075AH         LINE#         128
  C:0764H         LINE#         129
  C:076EH         LINE#         130
  C:0771H         LINE#         131
  C:0771H         LINE#         132
BL51 BANKED LINKER/LOCATER V6.22                                                      07/27/2015  14:24:09  PAGE 18


  C:0771H         LINE#         134
  C:0774H         LINE#         135
  C:0774H         LINE#         136
  C:0776H         LINE#         137
  C:077CH         LINE#         138
  C:077CH         LINE#         139
  C:0784H         LINE#         140
  C:0790H         LINE#         141
  C:0792H         LINE#         142
  C:0795H         LINE#         143
  C:0795H         LINE#         144
  -------         ENDPROC       UART1_INT
  -------         ENDMOD        STC15XX_USART1

  -------         MODULE        UART
  C:0000H         SYMBOL        _ICE_DUMMY_
  D:0080H         PUBLIC        P0
  D:0090H         PUBLIC        P1
  D:00A0H         PUBLIC        P2
  D:00B0H         PUBLIC        P3
  D:00C0H         PUBLIC        P4
  D:00C8H         PUBLIC        P5
  D:00A8H         PUBLIC        IE
  D:00B8H         PUBLIC        IP
  D:00D8H         PUBLIC        CCON
  D:0098H         PUBLIC        SCON
  D:0088H         PUBLIC        TCON
  D:00F0H         PUBLIC        B
  D:00E0H         PUBLIC        ACC
  C:0875H         PUBLIC        UART1_config
  D:00D0H         PUBLIC        PSW
  -------         PROC          UART1_CONFIG
  -------         DO            
  D:0008H         SYMBOL        COMx_InitStructure
  -------         ENDDO         
  C:0875H         LINE#         3
  C:0875H         LINE#         4
  C:0875H         LINE#         6
  C:0878H         LINE#         7
  C:087BH         LINE#         8
  C:0887H         LINE#         9
  C:088AH         LINE#         10
  C:088DH         LINE#         11
  C:0890H         LINE#         12
  C:0892H         LINE#         13
  C:0894H         LINE#         14
  C:0896H         LINE#         15
  C:08A0H         LINE#         18
  -------         ENDPROC       UART1_CONFIG
  -------         ENDMOD        UART

  -------         MODULE        GPIO
  C:0000H         SYMBOL        _ICE_DUMMY_
  D:0080H         PUBLIC        P0
  D:0090H         PUBLIC        P1
  D:00A0H         PUBLIC        P2
  D:00B0H         PUBLIC        P3
BL51 BANKED LINKER/LOCATER V6.22                                                      07/27/2015  14:24:09  PAGE 19


  D:00C0H         PUBLIC        P4
  D:00C8H         PUBLIC        P5
  C:08A1H         PUBLIC        GPIO_config
  D:00A8H         PUBLIC        IE
  D:00B8H         PUBLIC        IP
  D:00D8H         PUBLIC        CCON
  D:0098H         PUBLIC        SCON
  D:0088H         PUBLIC        TCON
  D:00F0H         PUBLIC        B
  D:00E0H         PUBLIC        ACC
  D:00D0H         PUBLIC        PSW
  -------         PROC          GPIO_CONFIG
  -------         DO            
  D:0008H         SYMBOL        GPIO_InitStructure
  -------         ENDDO         
  C:08A1H         LINE#         3
  C:08A1H         LINE#         4
  C:08A1H         LINE#         6
  C:08A4H         LINE#         7
  C:08A7H         LINE#         8
  C:08B2H         LINE#         9
  C:08BDH         LINE#         10
  C:08C8H         LINE#         11
  -------         ENDPROC       GPIO_CONFIG
  -------         ENDMOD        GPIO

  -------         MODULE        ?C?CLDPTR
  C:0389H         PUBLIC        ?C?CLDPTR
  -------         ENDMOD        ?C?CLDPTR

  -------         MODULE        ?C?CLDOPTR
  C:03A2H         PUBLIC        ?C?CLDOPTR
  -------         ENDMOD        ?C?CLDOPTR

  -------         MODULE        ?C?ULDIV
  C:040BH         PUBLIC        ?C?ULDIV
  -------         ENDMOD        ?C?ULDIV

  -------         MODULE        ?C?ULCMP
  C:049DH         PUBLIC        ?C?ULCMP
  -------         ENDMOD        ?C?ULCMP

  -------         MODULE        ?C?ULSHR
  C:04AEH         PUBLIC        ?C?ULSHR
  -------         ENDMOD        ?C?ULSHR

  -------         MODULE        ?C?LLDOPTR0
  C:04C1H         PUBLIC        ?C?LLDOPTR0
  -------         ENDMOD        ?C?LLDOPTR0

  -------         MODULE        ?C?LLDIDATA0
  C:04F1H         PUBLIC        ?C?LLDIDATA0
  -------         ENDMOD        ?C?LLDIDATA0

  -------         MODULE        ?C?LLDXDATA0
  C:04FEH         PUBLIC        ?C?LLDXDATA0
  -------         ENDMOD        ?C?LLDXDATA0
BL51 BANKED LINKER/LOCATER V6.22                                                      07/27/2015  14:24:09  PAGE 20



  -------         MODULE        ?C?LLDPDATA0
  C:050AH         PUBLIC        ?C?LLDPDATA0
  -------         ENDMOD        ?C?LLDPDATA0

  -------         MODULE        ?C?LLDCODE0
  C:0517H         PUBLIC        ?C?LLDCODE0
  -------         ENDMOD        ?C?LLDCODE0

*** WARNING L16: UNCALLED SEGMENT, IGNORED FOR OVERLAY PROCESS
    SEGMENT: ?PR?_OSSENDSIGNAL?OS_CORE

Program Size: data=131.0 xdata=0 code=2576
LINK/LOCATE RUN COMPLETE.  1 WARNING(S),  0 ERROR(S)
