BL51 BANKED LINKER/LOCATER V6.22                                                        11/03/2015  18:34:31  PAGE 1


BL51 BANKED LINKER/LOCATER V6.22, INVOKED BY:
D:\KEIL_V5\C51\BIN\BL51.EXE .\list\Os_core.obj, .\list\Os_q.obj, .\list\Os_sem.obj, .\list\main.obj, .\list\stc15xx_it.o
>> bj, .\list\Os_cpu_c.obj, .\list\Os_cpu_a.obj, .\list\STC15xx_GPIO.obj, .\list\STC15xx_USART1.obj, .\list\UART.obj, .\
>> list\GPIO.obj TO .\list\test PRINT (.\list\test.m51) RAMSIZE (256)


MEMORY MODEL: LARGE


INPUT MODULES INCLUDED:
  .\list\Os_core.obj (OS_CORE)
  .\list\Os_q.obj (OS_Q)
  .\list\Os_sem.obj (OS_SEM)
  .\list\main.obj (MAIN)
  .\list\stc15xx_it.obj (STC15XX_IT)
  .\list\Os_cpu_c.obj (OS_CPU_C)
  .\list\Os_cpu_a.obj (OS_CPU_A_ASM)
  .\list\STC15xx_GPIO.obj (STC15XX_GPIO)
  .\list\STC15xx_USART1.obj (STC15XX_USART1)
  .\list\UART.obj (UART)
  .\list\GPIO.obj (GPIO)
  D:\KEIL_V5\C51\LIB\C51L.LIB (?C_STARTUP)
  D:\KEIL_V5\C51\LIB\C51L.LIB (?C?CLDPTR)
  D:\KEIL_V5\C51\LIB\C51L.LIB (?C?CLDOPTR)
  D:\KEIL_V5\C51\LIB\C51L.LIB (?C?ULDIV)
  D:\KEIL_V5\C51\LIB\C51L.LIB (?C?ULCMP)
  D:\KEIL_V5\C51\LIB\C51L.LIB (?C?ULSHR)
  D:\KEIL_V5\C51\LIB\C51L.LIB (?C?LLDOPTR0)
  D:\KEIL_V5\C51\LIB\C51L.LIB (?C?LSTXDATA)
  D:\KEIL_V5\C51\LIB\C51L.LIB (?C?LSTKXDATA)
  D:\KEIL_V5\C51\LIB\C51L.LIB (?C_INIT)
  D:\KEIL_V5\C51\LIB\C51L.LIB (?C?LLDIDATA0)
  D:\KEIL_V5\C51\LIB\C51L.LIB (?C?LLDXDATA0)
  D:\KEIL_V5\C51\LIB\C51L.LIB (?C?LLDPDATA0)
  D:\KEIL_V5\C51\LIB\C51L.LIB (?C?LLDCODE0)


LINK MAP OF MODULE:  .\list\test (OS_CORE)


            TYPE    BASE      LENGTH    RELOCATION   SEGMENT NAME
            -----------------------------------------------------

            * * * * * * *   D A T A   M E M O R Y   * * * * * * *
            REG     0000H     0008H     ABSOLUTE     "REG BANK 0"
            DATA    0008H     0006H     UNIT         ?DT?OS_CPU_C
            DATA    000EH     0003H     UNIT         ?DT?OS_CORE
            IDATA   0011H     0050H     UNIT         ?ID?STC15XX_USART1
            IDATA   0061H     0002H     UNIT         ?STACK

            * * * * * * *  X D A T A   M E M O R Y  * * * * * * *
            XDATA   0000H     0014H     UNIT         _XDATA_GROUP_
            XDATA   0014H     0007H     UNIT         ?XD?STC15XX_USART1
            XDATA   001BH     0005H     UNIT         ?XD?OS_CORE

            * * * * * * *   C O D E   M E M O R Y   * * * * * * *
            CODE    0000H     0003H     ABSOLUTE     
            CODE    0003H     0003H     ABSOLUTE     
BL51 BANKED LINKER/LOCATER V6.22                                                      11/03/2015  18:34:31  PAGE 2


            CODE    0006H     0001H     UNIT         ?PR?EXT_INT0?STC15XX_IT
            CODE    0007H     0001H     UNIT         ?PR?EXT_INT1?STC15XX_IT
            CODE    0008H     0001H     UNIT         ?PR?EXT_INT2?STC15XX_IT
            CODE    0009H     0001H     UNIT         ?PR?EXT_INT3?STC15XX_IT
            CODE    000AH     0001H     UNIT         ?PR?EXT_INT4?STC15XX_IT
            CODE    000BH     0003H     ABSOLUTE     
            CODE    000EH     0001H     UNIT         ?PR?TIMER1_INT?STC15XX_IT
            CODE    000FH     0001H     UNIT         ?PR?TIMER2_INT?STC15XX_IT
                    0010H     0003H                  *** GAP ***
            CODE    0013H     0003H     ABSOLUTE     
                    0016H     0005H                  *** GAP ***
            CODE    001BH     0003H     ABSOLUTE     
                    001EH     0005H                  *** GAP ***
            CODE    0023H     0003H     ABSOLUTE     
            CODE    0026H     0028H     UNIT         ?PR?OSSCHED?OS_CORE
                    004EH     0005H                  *** GAP ***
            CODE    0053H     0003H     ABSOLUTE     
                    0056H     0005H                  *** GAP ***
            CODE    005BH     0003H     ABSOLUTE     
                    005EH     0005H                  *** GAP ***
            CODE    0063H     0003H     ABSOLUTE     
            CODE    0066H     0015H     UNIT         ?PR?TASKA?MAIN
            CODE    007BH     0007H     UNIT         ?PR?_OSSENDSIGNAL?OS_CORE
                    0082H     0001H                  *** GAP ***
            CODE    0083H     0003H     ABSOLUTE     
            CODE    0086H     01E9H     UNIT         ?PR?_USART_CONFIGURATION?STC15XX_USART1
            CODE    026FH     01DBH     UNIT         ?C?LIB_CODE
            CODE    044AH     01C4H     UNIT         ?PR?_GPIO_INILIZE?STC15XX_GPIO
            CODE    060EH     00ABH     UNIT         ?PR?_OSWAIT?OS_CORE
            CODE    06B9H     008EH     UNIT         ?PR?C_OSCTXSW?OS_CPU_C
            CODE    0747H     008CH     UNIT         ?PR?OSSTART?OS_CPU_C
            CODE    07D3H     008CH     UNIT         ?C_C51STARTUP
            CODE    085FH     0071H     UNIT         ?PR?UART1_INT?STC15XX_USART1
            CODE    08D0H     004AH     UNIT         ?PR?OSTICKISR?OS_CPU_C
            CODE    091AH     0036H     UNIT         ?PR?OSINTEXIT?OS_CORE
            CODE    0950H     0034H     UNIT         ?PR?OSTIMETICK?OS_CORE
            CODE    0984H     0033H     UNIT         ?PR?LOADCTX?OS_CPU_A
            CODE    09B7H     0031H     UNIT         ?PR?UART1_CONFIG?UART
            CODE    09E8H     002FH     UNIT         ?PR?OSINTCTXSW?OS_CPU_A
            CODE    0A17H     002EH     UNIT         ?PR?GPIO_CONFIG?GPIO
            CODE    0A45H     0027H     UNIT         ?CO?MAIN
            CODE    0A6CH     0024H     UNIT         ?PR?MAIN?MAIN
            CODE    0A90H     0022H     UNIT         ?PR?_OSCLEARSIGNAL?OS_CORE
            CODE    0AB2H     0021H     UNIT         ?PR?_OSINTSENDSIGNAL?OS_CORE
            CODE    0AD3H     001EH     UNIT         ?PR?_TX1_WRITE2BUFF?STC15XX_USART1
            CODE    0AF1H     0015H     UNIT         ?PR?TASKB?MAIN
            CODE    0B06H     0015H     UNIT         ?PR?TASKC?MAIN
            CODE    0B1BH     0013H     UNIT         ?PR?_PRINTSTRING1?STC15XX_USART1
            CODE    0B2EH     0011H     UNIT         ?C_INITSEG
            CODE    0B3FH     000DH     UNIT         ?PR?OSCTXSW?OS_CPU_A
            CODE    0B4CH     0009H     UNIT         ?CO?OS_CORE
            CODE    0B55H     0009H     UNIT         ?CO?OS_CPU_C
            CODE    0B5EH     0006H     UNIT         ?PR?OSIDLE?OS_CPU_C



OVERLAY MAP OF MODULE:   .\list\test (OS_CORE)
BL51 BANKED LINKER/LOCATER V6.22                                                      11/03/2015  18:34:31  PAGE 3




SEGMENT                                           XDATA_GROUP
  +--> CALLED SEGMENT                           START    LENGTH
---------------------------------------------------------------
?PR?OSTICKISR?OS_CPU_C                          -----    -----
  +--> ?PR?OSTIMETICK?OS_CORE
  +--> ?PR?OSINTEXIT?OS_CORE

?PR?OSTIMETICK?OS_CORE                          -----    -----
  +--> ?PR?_OSINTSENDSIGNAL?OS_CORE

?PR?_OSINTSENDSIGNAL?OS_CORE                    -----    -----
  +--> ?CO?OS_CORE

?PR?OSINTEXIT?OS_CORE                           -----    -----
  +--> ?PR?OSINTCTXSW?OS_CPU_A

?PR?OSINTCTXSW?OS_CPU_A                         -----    -----
  +--> ?PR?OSCTXSW?OS_CPU_A
  +--> ?CO?OS_CORE
  +--> ?PR?C_OSCTXSW?OS_CPU_C

?PR?OSCTXSW?OS_CPU_A                            -----    -----
  +--> ?CO?OS_CORE
  +--> ?PR?C_OSCTXSW?OS_CPU_C

?PR?C_OSCTXSW?OS_CPU_C                          -----    -----
  +--> ?PR?LOADCTX?OS_CPU_A

?PR?LOADCTX?OS_CPU_A                            -----    -----
  +--> ?CO?OS_CORE

*** NEW ROOT ***************************************************

?C_C51STARTUP                                   -----    -----
  +--> ?PR?MAIN?MAIN
  +--> ?C_INITSEG

?PR?MAIN?MAIN                                   -----    -----
  +--> ?PR?GPIO_CONFIG?GPIO
  +--> ?PR?UART1_CONFIG?UART
  +--> ?CO?MAIN
  +--> ?PR?_PRINTSTRING1?STC15XX_USART1
  +--> ?PR?OSSTART?OS_CPU_C

?PR?GPIO_CONFIG?GPIO                            0000H    0002H
  +--> ?PR?_GPIO_INILIZE?STC15XX_GPIO

?PR?UART1_CONFIG?UART                           0000H    000DH
  +--> ?PR?_USART_CONFIGURATION?STC15XX_USART1

?PR?_USART_CONFIGURATION?STC15XX_USART1         000DH    0007H

?PR?_PRINTSTRING1?STC15XX_USART1                -----    -----
  +--> ?PR?_TX1_WRITE2BUFF?STC15XX_USART1

BL51 BANKED LINKER/LOCATER V6.22                                                      11/03/2015  18:34:31  PAGE 4


?PR?OSSTART?OS_CPU_C                            -----    -----
  +--> ?CO?OS_CPU_C
  +--> ?PR?OSIDLE?OS_CPU_C

?CO?OS_CPU_C                                    -----    -----
  +--> ?PR?TASKA?MAIN
  +--> ?PR?TASKB?MAIN
  +--> ?PR?TASKC?MAIN

?PR?TASKA?MAIN                                  -----    -----
  +--> ?PR?_OSWAIT?OS_CORE
  +--> ?CO?MAIN
  +--> ?PR?_PRINTSTRING1?STC15XX_USART1

?PR?_OSWAIT?OS_CORE                             -----    -----
  +--> ?PR?_OSCLEARSIGNAL?OS_CORE
  +--> ?PR?OSSCHED?OS_CORE

?PR?_OSCLEARSIGNAL?OS_CORE                      -----    -----
  +--> ?CO?OS_CORE

?PR?OSSCHED?OS_CORE                             -----    -----
  +--> ?PR?OSCTXSW?OS_CPU_A

?PR?TASKB?MAIN                                  -----    -----
  +--> ?PR?_OSWAIT?OS_CORE
  +--> ?CO?MAIN
  +--> ?PR?_PRINTSTRING1?STC15XX_USART1

?PR?TASKC?MAIN                                  -----    -----
  +--> ?PR?_OSWAIT?OS_CORE
  +--> ?CO?MAIN
  +--> ?PR?_PRINTSTRING1?STC15XX_USART1



SYMBOL TABLE OF MODULE:  .\list\test (OS_CORE)

  VALUE           TYPE          NAME
  ----------------------------------

  -------         MODULE        OS_CORE
  C:0000H         SYMBOL        _ICE_DUMMY_
  D:0080H         PUBLIC        P0
  D:0090H         PUBLIC        P1
  D:00A0H         PUBLIC        P2
  D:00B0H         PUBLIC        P3
  D:00C0H         PUBLIC        P4
  D:00C8H         PUBLIC        P5
  B:00A8H.7       PUBLIC        EA
  C:0026H         PUBLIC        OSSched
  D:00A8H         PUBLIC        IE
  C:007BH         PUBLIC        _OSSendSignal
  D:00B8H         PUBLIC        IP
  D:00D8H         PUBLIC        CCON
  X:001BH         PUBLIC        OSIntNesting
  X:001CH         PUBLIC        OSTaskRuning
BL51 BANKED LINKER/LOCATER V6.22                                                      11/03/2015  18:34:31  PAGE 5


  D:0098H         PUBLIC        SCON
  D:0088H         PUBLIC        TCON
  C:060EH         PUBLIC        _OSWait
  D:000EH         PUBLIC        Os_Enter_Sum
  C:0AB2H         PUBLIC        _OSIntSendSignal
  D:00F0H         PUBLIC        B
  C:0950H         PUBLIC        OSTimeTick
  D:000FH         PUBLIC        OSTaskID
  D:00E0H         PUBLIC        ACC
  X:001DH         PUBLIC        OSWaitTick
  C:0B4CH         PUBLIC        OSMapTbl
  D:0010H         PUBLIC        OSNextTaskID
  C:091AH         PUBLIC        OSIntExit
  C:0A90H         PUBLIC        _OSClearSignal
  D:00D0H         PUBLIC        PSW
  -------         PROC          _OSINTSENDSIGNAL
  D:0007H         SYMBOL        TaskId
  C:0AB2H         LINE#         156
  C:0AB2H         LINE#         158
  C:0AB2H         LINE#         159
  C:0AB8H         LINE#         160
  C:0AB8H         LINE#         161
  C:0ABCH         LINE#         163
  C:0ACDH         LINE#         174
  C:0AD2H         LINE#         175
  C:0AD2H         LINE#         176
  -------         ENDPROC       _OSINTSENDSIGNAL
  -------         PROC          _OSSENDSIGNAL
  D:0007H         SYMBOL        TaskId
  C:007BH         LINE#         196
  C:007BH         LINE#         198
  C:007BH         LINE#         199
  C:007EH         LINE#         200
  C:0081H         LINE#         201
  -------         ENDPROC       _OSSENDSIGNAL
  -------         PROC          _OSCLEARSIGNAL
  D:0007H         SYMBOL        TaskId
  C:0A90H         LINE#         228
  C:0A90H         LINE#         229
  C:0A90H         LINE#         230
  C:0A96H         LINE#         231
  C:0A96H         LINE#         232
  C:0A9AH         LINE#         234
  C:0AACH         LINE#         245
  C:0AB1H         LINE#         246
  C:0AB1H         LINE#         247
  -------         ENDPROC       _OSCLEARSIGNAL
  -------         PROC          OSINTEXIT
  -------         DO            
  D:0007H         SYMBOL        temp
  -------         ENDDO         
  C:091AH         LINE#         279
  C:091AH         LINE#         281
  C:091AH         LINE#         284
  C:091EH         LINE#         287
  C:0927H         LINE#         288
  C:0927H         LINE#         289
BL51 BANKED LINKER/LOCATER V6.22                                                      11/03/2015  18:34:31  PAGE 6


  C:092AH         LINE#         290
  C:092AH         LINE#         291
  C:0930H         LINE#         292
  C:0930H         LINE#         295
  C:0932H         LINE#         298
  C:0935H         LINE#         299
  C:0938H         LINE#         300
  C:0938H         LINE#         301
  C:093CH         LINE#         302
  C:093CH         LINE#         303
  C:093CH         LINE#         304
  C:093CH         LINE#         305
  C:0940H         LINE#         306
  C:0947H         LINE#         307
  C:094AH         LINE#         334
  C:094AH         LINE#         336
  C:094FH         LINE#         337
  -------         ENDPROC       OSINTEXIT
  -------         PROC          OSSCHED
  -------         DO            
  D:0007H         SYMBOL        temp
  -------         ENDDO         
  C:0026H         LINE#         369
  C:0026H         LINE#         371
  C:0026H         LINE#         374
  C:002AH         LINE#         376
  C:0030H         LINE#         377
  C:0030H         LINE#         382
  C:0033H         LINE#         383
  C:0036H         LINE#         384
  C:0036H         LINE#         385
  C:003AH         LINE#         386
  C:003AH         LINE#         387
  C:003AH         LINE#         388
  C:003AH         LINE#         389
  C:003EH         LINE#         390
  C:0045H         LINE#         391
  C:0048H         LINE#         418
  C:0048H         LINE#         420
  C:004DH         LINE#         421
  -------         ENDPROC       OSSCHED
  -------         PROC          OSTIMETICK
  -------         DO            
  D:0005H         SYMBOL        i
  -------         ENDDO         
  C:0950H         LINE#         447
  C:0950H         LINE#         448
  C:0950H         LINE#         451
  C:0952H         LINE#         452
  C:0952H         LINE#         453
  C:095FH         LINE#         454
  C:095FH         LINE#         455
  C:096CH         LINE#         456
  C:0979H         LINE#         457
  C:0979H         LINE#         458
  C:097EH         LINE#         459
  C:097EH         LINE#         460
BL51 BANKED LINKER/LOCATER V6.22                                                      11/03/2015  18:34:31  PAGE 7


  C:097EH         LINE#         461
  C:0983H         LINE#         462
  -------         ENDPROC       OSTIMETICK
  -------         PROC          _OSWAIT
  D:0007H         SYMBOL        typ
  D:0005H         SYMBOL        ticks
  C:060EH         LINE#         499
  C:060EH         LINE#         501
  C:060EH         LINE#         502
  C:061BH         LINE#         504
  C:062AH         LINE#         505
  C:062AH         LINE#         506
  C:062AH         LINE#         507
  C:0637H         LINE#         508
  C:063CH         LINE#         509
  C:063FH         LINE#         510
  C:0642H         LINE#         511
  C:0642H         LINE#         512
  C:0646H         LINE#         513
  C:0654H         LINE#         514
  C:0654H         LINE#         515
  C:0659H         LINE#         516
  C:065CH         LINE#         517
  C:065EH         LINE#         518
  C:0663H         LINE#         519
  C:0666H         LINE#         520
  C:0666H         LINE#         522
  C:066AH         LINE#         523
  C:0678H         LINE#         524
  C:0678H         LINE#         525
  C:067BH         LINE#         526
  C:067BH         LINE#         527
  C:0680H         LINE#         528
  C:0685H         LINE#         529
  C:0688H         LINE#         530
  C:0696H         LINE#         531
  C:0696H         LINE#         532
  C:06A3H         LINE#         533
  C:06A6H         LINE#         534
  C:06A6H         LINE#         535
  C:06A9H         LINE#         536
  C:06A9H         LINE#         537
  C:06B6H         LINE#         538
  C:06B8H         LINE#         539
  C:06B8H         LINE#         540
  -------         ENDPROC       _OSWAIT
  -------         ENDMOD        OS_CORE

  -------         MODULE        OS_Q
  C:0000H         SYMBOL        _ICE_DUMMY_
  D:0080H         PUBLIC        P0
  D:0090H         PUBLIC        P1
  D:00A0H         PUBLIC        P2
  D:00B0H         PUBLIC        P3
  D:00C0H         PUBLIC        P4
  D:00C8H         PUBLIC        P5
  D:00A8H         PUBLIC        IE
BL51 BANKED LINKER/LOCATER V6.22                                                      11/03/2015  18:34:31  PAGE 8


  D:00B8H         PUBLIC        IP
  D:00D8H         PUBLIC        CCON
  D:0098H         PUBLIC        SCON
  D:0088H         PUBLIC        TCON
  D:00F0H         PUBLIC        B
  D:00E0H         PUBLIC        ACC
  D:00D0H         PUBLIC        PSW
  -------         ENDMOD        OS_Q

  -------         MODULE        OS_SEM
  C:0000H         SYMBOL        _ICE_DUMMY_
  D:0080H         PUBLIC        P0
  D:0090H         PUBLIC        P1
  D:00A0H         PUBLIC        P2
  D:00B0H         PUBLIC        P3
  D:00C0H         PUBLIC        P4
  D:00C8H         PUBLIC        P5
  D:00A8H         PUBLIC        IE
  D:00B8H         PUBLIC        IP
  D:00D8H         PUBLIC        CCON
  D:0098H         PUBLIC        SCON
  D:0088H         PUBLIC        TCON
  D:00F0H         PUBLIC        B
  D:00E0H         PUBLIC        ACC
  D:00D0H         PUBLIC        PSW
  -------         ENDMOD        OS_SEM

  -------         MODULE        MAIN
  C:0000H         SYMBOL        _ICE_DUMMY_
  D:0080H         PUBLIC        P0
  D:0090H         PUBLIC        P1
  D:00A0H         PUBLIC        P2
  D:00B0H         PUBLIC        P3
  D:00C0H         PUBLIC        P4
  D:00C8H         PUBLIC        P5
  D:00A8H         PUBLIC        IE
  D:00B8H         PUBLIC        IP
  D:00D8H         PUBLIC        CCON
  C:0A6CH         PUBLIC        main
  D:0098H         PUBLIC        SCON
  D:0089H         PUBLIC        TMOD
  D:0088H         PUBLIC        TCON
  D:00F0H         PUBLIC        B
  D:00E0H         PUBLIC        ACC
  B:00A8H.1       PUBLIC        ET0
  D:008CH         PUBLIC        TH0
  D:008AH         PUBLIC        TL0
  C:0066H         PUBLIC        TaskA
  B:0088H.4       PUBLIC        TR0
  C:0AF1H         PUBLIC        TaskB
  C:0B06H         PUBLIC        TaskC
  B:0080H.0       PUBLIC        led0
  B:0080H.1       PUBLIC        led1
  B:0080H.2       PUBLIC        led2
  D:00D0H         PUBLIC        PSW
  -------         PROC          MAIN
  C:0A6CH         LINE#         8
BL51 BANKED LINKER/LOCATER V6.22                                                      11/03/2015  18:34:31  PAGE 9


  C:0A6CH         LINE#         9
  C:0A6CH         LINE#         10
  C:0A74H         LINE#         11
  C:0A77H         LINE#         12
  C:0A79H         LINE#         13
  C:0A7BH         LINE#         14
  C:0A7DH         LINE#         15
  C:0A80H         LINE#         16
  C:0A83H         LINE#         17
  C:0A8CH         LINE#         18
  C:0A8FH         LINE#         19
  -------         ENDPROC       MAIN
  -------         PROC          TASKA
  C:0066H         LINE#         21
  C:0066H         LINE#         22
  C:0066H         LINE#         23
  C:0066H         LINE#         24
  C:0066H         LINE#         25
  C:0068H         LINE#         26
  C:006FH         LINE#         27
  C:0078H         LINE#         28
  -------         ENDPROC       TASKA
  -------         PROC          TASKB
  C:0AF1H         LINE#         31
  C:0AF1H         LINE#         32
  C:0AF1H         LINE#         33
  C:0AF1H         LINE#         34
  C:0AF1H         LINE#         35
  C:0AF3H         LINE#         36
  C:0AFAH         LINE#         37
  C:0B03H         LINE#         38
  -------         ENDPROC       TASKB
  -------         PROC          TASKC
  C:0B06H         LINE#         41
  C:0B06H         LINE#         42
  C:0B06H         LINE#         43
  C:0B06H         LINE#         44
  C:0B06H         LINE#         45
  C:0B08H         LINE#         46
  C:0B0FH         LINE#         47
  C:0B18H         LINE#         48
  -------         ENDPROC       TASKC
  -------         ENDMOD        MAIN

  -------         MODULE        STC15XX_IT
  C:0000H         SYMBOL        _ICE_DUMMY_
  D:0080H         PUBLIC        P0
  D:0090H         PUBLIC        P1
  D:00A0H         PUBLIC        P2
  C:000EH         PUBLIC        timer1_int
  D:00B0H         PUBLIC        P3
  C:000FH         PUBLIC        timer2_int
  D:00C0H         PUBLIC        P4
  D:00C8H         PUBLIC        P5
  D:00A8H         PUBLIC        IE
  D:00B8H         PUBLIC        IP
  D:00D8H         PUBLIC        CCON
BL51 BANKED LINKER/LOCATER V6.22                                                      11/03/2015  18:34:31  PAGE 10


  C:0006H         PUBLIC        Ext_INT0
  C:0007H         PUBLIC        Ext_INT1
  C:0008H         PUBLIC        Ext_INT2
  C:0009H         PUBLIC        Ext_INT3
  C:000AH         PUBLIC        Ext_INT4
  D:0098H         PUBLIC        SCON
  D:0088H         PUBLIC        TCON
  D:00F0H         PUBLIC        B
  D:00E0H         PUBLIC        ACC
  D:00D0H         PUBLIC        PSW
  -------         PROC          EXT_INT0
  C:0006H         LINE#         12
  C:0006H         LINE#         15
  -------         ENDPROC       EXT_INT0
  -------         PROC          EXT_INT1
  C:0007H         LINE#         18
  C:0007H         LINE#         21
  -------         ENDPROC       EXT_INT1
  -------         PROC          EXT_INT2
  C:0008H         LINE#         24
  C:0008H         LINE#         27
  -------         ENDPROC       EXT_INT2
  -------         PROC          EXT_INT3
  C:0009H         LINE#         30
  C:0009H         LINE#         33
  -------         ENDPROC       EXT_INT3
  -------         PROC          EXT_INT4
  C:000AH         LINE#         36
  C:000AH         LINE#         39
  -------         ENDPROC       EXT_INT4
  -------         PROC          TIMER1_INT
  C:000EH         LINE#         52
  C:000EH         LINE#         55
  -------         ENDPROC       TIMER1_INT
  -------         PROC          TIMER2_INT
  C:000FH         LINE#         58
  C:000FH         LINE#         61
  -------         ENDPROC       TIMER2_INT
  -------         ENDMOD        STC15XX_IT

  -------         MODULE        OS_CPU_C
  C:0000H         SYMBOL        _ICE_DUMMY_
  D:0080H         PUBLIC        P0
  D:0090H         PUBLIC        P1
  D:00A0H         PUBLIC        P2
  D:00B0H         PUBLIC        P3
  D:00C0H         PUBLIC        P4
  D:00C8H         PUBLIC        P5
  B:00A8H.7       PUBLIC        EA
  D:00A8H         PUBLIC        IE
  D:00B8H         PUBLIC        IP
  C:08D0H         PUBLIC        OSTickISR
  C:0B5EH         PUBLIC        OSIdle
  D:0081H         PUBLIC        SP
  D:00D8H         PUBLIC        CCON
  D:0008H         PUBLIC        OSTsakStackBotton
  D:0087H         PUBLIC        PCON
BL51 BANKED LINKER/LOCATER V6.22                                                      11/03/2015  18:34:31  PAGE 11


  C:0747H         PUBLIC        OSStart
  D:0098H         PUBLIC        SCON
  D:0088H         PUBLIC        TCON
  D:00F0H         PUBLIC        B
  D:00E0H         PUBLIC        ACC
  D:000DH         PUBLIC        OSFastSwap
  C:0B55H         PUBLIC        TaskFuction
  D:00D0H         PUBLIC        PSW
  -------         PROC          OSIDLE
  C:0B5EH         LINE#         172
  C:0B5EH         LINE#         173
  C:0B5EH         LINE#         174
  C:0B5EH         LINE#         175
  C:0B5EH         LINE#         176
  C:0B61H         LINE#         177
  -------         ENDPROC       OSIDLE
  -------         PROC          OSSTART
  -------         DO            
  D:0005H         SYMBOL        cp
  D:0004H         SYMBOL        i
  -------         ENDDO         
  C:0747H         LINE#         201
  C:0747H         LINE#         203
  C:0747H         LINE#         207
  C:074BH         LINE#         209
  C:074DH         LINE#         210
  C:0750H         LINE#         213
  C:0763H         LINE#         214
  C:0765H         LINE#         215
  C:0768H         LINE#         218
  C:076AH         LINE#         219
  C:076FH         LINE#         220
  C:0777H         LINE#         221
  C:0779H         LINE#         222
  C:077EH         LINE#         225
  C:0780H         LINE#         226
  C:0780H         LINE#         227
  C:0787H         LINE#         228
  C:07A5H         LINE#         229
  C:07ABH         LINE#         230
  C:07C8H         LINE#         231
  C:07CAH         LINE#         233
  C:07CDH         LINE#         234
  C:07D2H         LINE#         236
  -------         ENDPROC       OSSTART
  -------         PROC          OSTICKISR
  C:08D0H         LINE#         259
  C:08EFH         LINE#         279
  C:08F7H         LINE#         284
  C:08FAH         LINE#         289
  C:08FDH         LINE#         290
  -------         ENDPROC       OSTICKISR
  -------         ENDMOD        OS_CPU_C

  -------         MODULE        OS_CPU_A_ASM
  C:0B3FH         SEGMENT       ?PR?OSCTXSW?OS_CPU_A
  C:09E8H         SEGMENT       ?PR?OSINTCTXSW?OS_CPU_A
BL51 BANKED LINKER/LOCATER V6.22                                                      11/03/2015  18:34:31  PAGE 12


  C:0984H         SEGMENT       ?PR?LOADCTX?OS_CPU_A
  C:06B9H         SEGMENT       ?PR?C_OSCTXSW?OS_CPU_C
  I:0061H         SEGMENT       ?STACK
  C:0984H         PUBLIC        LOADCTX
  C:0B3FH         PUBLIC        OSCTXSW
  C:09E8H         PUBLIC        OSINTCTXSW
  I:0061H         PUBLIC        STACK
  C:0708H         SYMBOL        ?C0001
  C:06D9H         SYMBOL        ?C0002
  C:06DFH         SYMBOL        ?C0003
  C:06FCH         SYMBOL        ?C0004
  C:0702H         SYMBOL        ?C0005
  C:0741H         SYMBOL        ?C0007
  C:0712H         SYMBOL        ?C0008
  C:0718H         SYMBOL        ?C0009
  C:0744H         SYMBOL        ?C000R
  C:0736H         SYMBOL        ?C0010
  C:073CH         SYMBOL        ?C0011
  D:00E0H         SYMBOL        ACC
  D:00F0H         SYMBOL        B
  C:06B9H         SYMBOL        C_OSCTXSW
  D:0083H         SYMBOL        DPH
  D:0082H         SYMBOL        DPL
  B:00A8H.7       SYMBOL        EA
  C:098DH         SYMBOL        LOADCTX_0
  C:09AFH         SYMBOL        LOADCTX_2
  C:09B6H         SYMBOL        LOADCTX_3
  C:09FDH         SYMBOL        OSINTCTXSW_0
  N:0000H         SYMBOL        OS_CPU_A_ASM
  D:00D0H         SYMBOL        PSW
  D:0081H         SYMBOL        SP
  C:0984H         LINE#         127
  C:0986H         LINE#         129
  C:0988H         LINE#         130
  C:098BH         LINE#         131
  C:098DH         LINE#         133
  C:0990H         LINE#         135
  C:0991H         LINE#         136
  C:0993H         LINE#         148
  C:0995H         LINE#         150
  C:0997H         LINE#         151
  C:0999H         LINE#         152
  C:099BH         LINE#         153
  C:099DH         LINE#         154
  C:099FH         LINE#         155
  C:09A1H         LINE#         156
  C:09A3H         LINE#         157
  C:09A5H         LINE#         158
  C:09A7H         LINE#         159
  C:09A9H         LINE#         160
  C:09ABH         LINE#         161
  C:09ADH         LINE#         162
  C:09AFH         LINE#         165
  C:09B1H         LINE#         166
  C:09B4H         LINE#         167
  C:09B6H         LINE#         169
  C:0B3FH         LINE#         191
BL51 BANKED LINKER/LOCATER V6.22                                                      11/03/2015  18:34:31  PAGE 13


  C:0B42H         LINE#         192
  C:0B44H         LINE#         194
  C:0B45H         LINE#         195
  C:0B47H         LINE#         196
  C:0B49H         LINE#         211
  C:06B9H         LINE#         233
  C:06BBH         LINE#         234
  C:06BDH         LINE#         237
  C:06BFH         LINE#         243
  C:06C0H         LINE#         245
  C:06C2H         LINE#         246
  C:06C4H         LINE#         247
  C:06C5H         LINE#         248
  C:06C6H         LINE#         249
  C:06C7H         LINE#         251
  C:06C9H         LINE#         252
  C:06CBH         LINE#         253
  C:06CCH         LINE#         254
  C:06CDH         LINE#         255
  C:06CEH         LINE#         257
  C:06D0H         LINE#         258
  C:06D1H         LINE#         259
  C:06D3H         LINE#         260
  C:06D5H         LINE#         266
  C:06D6H         LINE#         267
  C:06D7H         LINE#         268
  C:06D8H         LINE#         269
  C:06D9H         LINE#         271
  C:06DAH         LINE#         272
  C:06DBH         LINE#         273
  C:06DCH         LINE#         274
  C:06DDH         LINE#         275
  C:06DFH         LINE#         278
  C:06E1H         LINE#         279
  C:06E3H         LINE#         280
  C:06E4H         LINE#         281
  C:06E5H         LINE#         282
  C:06E6H         LINE#         284
  C:06E7H         LINE#         285
  C:06E8H         LINE#         287
  C:06E9H         LINE#         288
  C:06EBH         LINE#         293
  C:06EDH         LINE#         294
  C:06EEH         LINE#         295
  C:06F0H         LINE#         296
  C:06F1H         LINE#         297
  C:06F3H         LINE#         299
  C:06F5H         LINE#         300
  C:06F7H         LINE#         301
  C:06F8H         LINE#         302
  C:06F9H         LINE#         303
  C:06FAH         LINE#         304
  C:06FBH         LINE#         305
  C:06FCH         LINE#         307
  C:06FDH         LINE#         308
  C:06FEH         LINE#         309
  C:06FFH         LINE#         310
BL51 BANKED LINKER/LOCATER V6.22                                                      11/03/2015  18:34:31  PAGE 14


  C:0700H         LINE#         311
  C:0702H         LINE#         314
  C:0705H         LINE#         316
  C:0708H         LINE#         321
  C:070AH         LINE#         322
  C:070CH         LINE#         323
  C:070EH         LINE#         335
  C:070FH         LINE#         336
  C:0710H         LINE#         337
  C:0711H         LINE#         338
  C:0712H         LINE#         340
  C:0713H         LINE#         341
  C:0714H         LINE#         342
  C:0715H         LINE#         343
  C:0716H         LINE#         344
  C:0718H         LINE#         347
  C:071AH         LINE#         348
  C:071CH         LINE#         349
  C:071DH         LINE#         350
  C:071EH         LINE#         351
  C:071FH         LINE#         353
  C:0720H         LINE#         354
  C:0721H         LINE#         356
  C:0723H         LINE#         357
  C:0725H         LINE#         358
  C:0726H         LINE#         359
  C:0727H         LINE#         360
  C:0729H         LINE#         366
  C:072BH         LINE#         367
  C:072CH         LINE#         368
  C:072EH         LINE#         369
  C:0730H         LINE#         371
  C:0731H         LINE#         372
  C:0733H         LINE#         373
  C:0735H         LINE#         374
  C:0736H         LINE#         376
  C:0737H         LINE#         377
  C:0738H         LINE#         378
  C:0739H         LINE#         379
  C:073AH         LINE#         380
  C:073CH         LINE#         384
  C:073FH         LINE#         386
  C:0741H         LINE#         390
  C:0744H         LINE#         395
  C:09E8H         LINE#         419
  C:09EAH         LINE#         420
  C:09ECH         LINE#         421
  C:09EEH         LINE#         424
  C:09F0H         LINE#         425
  C:09F2H         LINE#         426
  C:09F4H         LINE#         428
  C:09F6H         LINE#         429
  C:09F8H         LINE#         430
  C:09FAH         LINE#         431
  C:09FCH         LINE#         432
  C:09FDH         LINE#         436
  C:09FFH         LINE#         437
BL51 BANKED LINKER/LOCATER V6.22                                                      11/03/2015  18:34:31  PAGE 15


  C:0A01H         LINE#         438
  C:0A03H         LINE#         440
  C:0A06H         LINE#         441
  C:0A08H         LINE#         443
  C:0A09H         LINE#         444
  C:0A0AH         LINE#         445
  C:0A0CH         LINE#         446
  C:0A0EH         LINE#         465
  C:0A10H         LINE#         466
  C:0A12H         LINE#         467
  C:0A14H         LINE#         468
  C:0A16H         LINE#         469
  -------         ENDMOD        OS_CPU_A_ASM

  -------         MODULE        STC15XX_GPIO
  C:0000H         SYMBOL        _ICE_DUMMY_
  D:0093H         PUBLIC        P0M1
  D:0092H         PUBLIC        P1M0
  D:0096H         PUBLIC        P2M0
  D:0091H         PUBLIC        P1M1
  D:0080H         PUBLIC        P0
  D:00B2H         PUBLIC        P3M0
  D:0095H         PUBLIC        P2M1
  D:0090H         PUBLIC        P1
  D:00B4H         PUBLIC        P4M0
  D:00B1H         PUBLIC        P3M1
  D:00A0H         PUBLIC        P2
  D:00CAH         PUBLIC        P5M0
  D:00B3H         PUBLIC        P4M1
  D:00B0H         PUBLIC        P3
  D:00C9H         PUBLIC        P5M1
  D:00C0H         PUBLIC        P4
  D:00C8H         PUBLIC        P5
  D:00A8H         PUBLIC        IE
  D:00B8H         PUBLIC        IP
  D:00D8H         PUBLIC        CCON
  D:0098H         PUBLIC        SCON
  D:0088H         PUBLIC        TCON
  D:00F0H         PUBLIC        B
  D:00E0H         PUBLIC        ACC
  C:044AH         PUBLIC        _GPIO_Inilize
  D:00D0H         PUBLIC        PSW
  D:0094H         PUBLIC        P0M0
  -------         PROC          _GPIO_INILIZE
  D:0007H         SYMBOL        GPIO
  D:0001H         SYMBOL        GPIOx
  C:044AH         LINE#         19
  C:044AH         LINE#         20
  C:044AH         LINE#         21
  C:0453H         LINE#         22
  C:045FH         LINE#         23
  C:0462H         LINE#         24
  C:0462H         LINE#         25
  C:0470H         LINE#         26
  C:0481H         LINE#         27
  C:0492H         LINE#         28
  C:04A3H         LINE#         29
BL51 BANKED LINKER/LOCATER V6.22                                                      11/03/2015  18:34:31  PAGE 16


  C:04A3H         LINE#         30
  C:04A8H         LINE#         31
  C:04A8H         LINE#         32
  C:04B9H         LINE#         33
  C:04C8H         LINE#         34
  C:04D8H         LINE#         35
  C:04EBH         LINE#         36
  C:04EBH         LINE#         37
  C:04F0H         LINE#         38
  C:04F0H         LINE#         39
  C:0501H         LINE#         40
  C:0510H         LINE#         41
  C:0520H         LINE#         42
  C:0533H         LINE#         43
  C:0533H         LINE#         44
  C:0538H         LINE#         45
  C:0538H         LINE#         46
  C:0549H         LINE#         47
  C:0558H         LINE#         48
  C:0568H         LINE#         49
  C:057BH         LINE#         50
  C:057BH         LINE#         51
  C:0580H         LINE#         52
  C:0580H         LINE#         53
  C:0591H         LINE#         54
  C:05A0H         LINE#         55
  C:05B0H         LINE#         56
  C:05C3H         LINE#         57
  C:05C3H         LINE#         58
  C:05C8H         LINE#         59
  C:05C8H         LINE#         60
  C:05D9H         LINE#         61
  C:05E8H         LINE#         62
  C:05F8H         LINE#         63
  C:060BH         LINE#         64
  C:060BH         LINE#         65
  C:060DH         LINE#         66
  -------         ENDPROC       _GPIO_INILIZE
  -------         ENDMOD        STC15XX_GPIO

  -------         MODULE        STC15XX_USART1
  C:0000H         SYMBOL        _ICE_DUMMY_
  D:0080H         PUBLIC        P0
  D:0090H         PUBLIC        P1
  D:00A0H         PUBLIC        P2
  D:00B0H         PUBLIC        P3
  D:00C0H         PUBLIC        P4
  D:00C8H         PUBLIC        P5
  D:00A2H         PUBLIC        P_SW1
  D:00A8H         PUBLIC        IE
  X:0014H         PUBLIC        COM1
  B:00A8H.4       PUBLIC        ES
  D:00B8H         PUBLIC        IP
  I:0011H         PUBLIC        RX1_Buffer
  B:0098H.0       PUBLIC        RI
  C:085FH         PUBLIC        UART1_int
  I:0039H         PUBLIC        TX1_Buffer
BL51 BANKED LINKER/LOCATER V6.22                                                      11/03/2015  18:34:31  PAGE 17


  B:0098H.1       PUBLIC        TI
  B:00B8H.4       PUBLIC        PS
  D:00D8H         PUBLIC        CCON
  D:0099H         PUBLIC        SBUF
  D:0087H         PUBLIC        PCON
  D:0098H         PUBLIC        SCON
  D:0089H         PUBLIC        TMOD
  D:0088H         PUBLIC        TCON
  C:0B1BH         PUBLIC        _PrintString1
  D:00AFH         PUBLIC        IE2
  D:00F0H         PUBLIC        B
  D:008EH         PUBLIC        AUXR
  C:0AD3H         PUBLIC        _TX1_write2buff
  D:00E0H         PUBLIC        ACC
  B:00A8H.3       PUBLIC        ET1
  D:008DH         PUBLIC        TH1
  D:00D6H         PUBLIC        TH2
  D:008BH         PUBLIC        TL1
  D:00D7H         PUBLIC        TL2
  C:0086H         PUBLIC        _USART_Configuration
  B:0088H.6       PUBLIC        TR1
  D:0097H         PUBLIC        PCON2
  B:0098H.4       PUBLIC        REN
  D:008FH         PUBLIC        INT_CLKO
  D:00D0H         PUBLIC        PSW
  -------         PROC          _USART_CONFIGURATION
  D:0007H         SYMBOL        UARTx
  X:000DH         SYMBOL        COMx
  -------         DO            
  D:0007H         SYMBOL        i
  X:0010H         SYMBOL        j
  -------         ENDDO         
  C:0086H         LINE#         22
  C:0091H         LINE#         23
  C:0091H         LINE#         27
  C:0099H         LINE#         28
  C:0099H         LINE#         29
  C:009EH         LINE#         30
  C:00A1H         LINE#         31
  C:00A3H         LINE#         32
  C:00A5H         LINE#         33
  C:00A7H         LINE#         34
  C:00A9H         LINE#         35
  C:00ABH         LINE#         36
  C:00B5H         LINE#         37
  C:00C2H         LINE#         39
  C:00D8H         LINE#         40
  C:00E5H         LINE#         41
  C:00E7H         LINE#         42
  C:00F2H         LINE#         43
  C:00FFH         LINE#         44
  C:00FFH         LINE#         45
  C:0116H         LINE#         46
  C:0133H         LINE#         47
  C:0155H         LINE#         48
  C:016BH         LINE#         49
  C:016BH         LINE#         50
BL51 BANKED LINKER/LOCATER V6.22                                                      11/03/2015  18:34:31  PAGE 18


  C:016DH         LINE#         51
  C:0170H         LINE#         52
  C:0173H         LINE#         53
  C:0176H         LINE#         54
  C:0179H         LINE#         55
  C:018EH         LINE#         56
  C:019AH         LINE#         57
  C:019CH         LINE#         58
  C:019FH         LINE#         59
  C:01A2H         LINE#         60
  C:01A4H         LINE#         61
  C:01A6H         LINE#         62
  C:01ABH         LINE#         63
  C:01ABH         LINE#         64
  C:01AEH         LINE#         65
  C:01B1H         LINE#         66
  C:01B4H         LINE#         67
  C:01B7H         LINE#         68
  C:01CCH         LINE#         69
  C:01D8H         LINE#         70
  C:01DBH         LINE#         71
  C:01DEH         LINE#         72
  C:01E1H         LINE#         73
  C:01E3H         LINE#         74
  C:01E6H         LINE#         75
  C:01E6H         LINE#         76
  C:01F7H         LINE#         77
  C:01F7H         LINE#         78
  C:0205H         LINE#         79
  C:0208H         LINE#         80
  C:020AH         LINE#         81
  C:020EH         LINE#         82
  C:020EH         LINE#         83
  C:021CH         LINE#         84
  C:021FH         LINE#         85
  C:021FH         LINE#         86
  C:0237H         LINE#         87
  C:0239H         LINE#         88
  C:0246H         LINE#         89
  C:0248H         LINE#         90
  C:0258H         LINE#         91
  C:0266H         LINE#         92
  C:0269H         LINE#         93
  C:026CH         LINE#         94
  C:026CH         LINE#         95
  C:026EH         LINE#         96
  -------         ENDPROC       _USART_CONFIGURATION
  -------         PROC          _TX1_WRITE2BUFF
  D:0007H         SYMBOL        dat
  C:0AD3H         LINE#         101
  C:0AD3H         LINE#         102
  C:0AD3H         LINE#         103
  C:0ADCH         LINE#         104
  C:0AE6H         LINE#         106
  C:0AECH         LINE#         107
  C:0AECH         LINE#         108
  C:0AEEH         LINE#         109
BL51 BANKED LINKER/LOCATER V6.22                                                      11/03/2015  18:34:31  PAGE 19


  C:0AF0H         LINE#         110
  C:0AF0H         LINE#         111
  -------         ENDPROC       _TX1_WRITE2BUFF
  -------         PROC          _PRINTSTRING1
  D:0001H         SYMBOL        puts
  C:0B1BH         LINE#         113
  C:0B1BH         LINE#         114
  C:0B1BH         LINE#         115
  C:0B2DH         LINE#         116
  -------         ENDPROC       _PRINTSTRING1
  -------         PROC          UART1_INT
  C:085FH         LINE#         121
  C:0870H         LINE#         123
  C:0873H         LINE#         124
  C:0873H         LINE#         125
  C:0875H         LINE#         126
  C:087BH         LINE#         127
  C:087BH         LINE#         128
  C:0886H         LINE#         129
  C:0893H         LINE#         130
  C:0897H         LINE#         131
  C:0897H         LINE#         132
  C:0897H         LINE#         134
  C:089AH         LINE#         135
  C:089AH         LINE#         136
  C:089CH         LINE#         137
  C:08A9H         LINE#         138
  C:08A9H         LINE#         139
  C:08B0H         LINE#         140
  C:08BAH         LINE#         141
  C:08BCH         LINE#         142
  C:08C1H         LINE#         143
  C:08C1H         LINE#         144
  -------         ENDPROC       UART1_INT
  -------         ENDMOD        STC15XX_USART1

  -------         MODULE        UART
  C:0000H         SYMBOL        _ICE_DUMMY_
  D:0080H         PUBLIC        P0
  D:0090H         PUBLIC        P1
  D:00A0H         PUBLIC        P2
  D:00B0H         PUBLIC        P3
  D:00C0H         PUBLIC        P4
  D:00C8H         PUBLIC        P5
  D:00A8H         PUBLIC        IE
  D:00B8H         PUBLIC        IP
  D:00D8H         PUBLIC        CCON
  D:0098H         PUBLIC        SCON
  D:0088H         PUBLIC        TCON
  D:00F0H         PUBLIC        B
  D:00E0H         PUBLIC        ACC
  C:09B7H         PUBLIC        UART1_config
  D:00D0H         PUBLIC        PSW
  -------         PROC          UART1_CONFIG
  -------         DO            
  X:0000H         SYMBOL        COMx_InitStructure
  -------         ENDDO         
BL51 BANKED LINKER/LOCATER V6.22                                                      11/03/2015  18:34:31  PAGE 20


  C:09B7H         LINE#         5
  C:09B7H         LINE#         6
  C:09B7H         LINE#         8
  C:09BDH         LINE#         9
  C:09C1H         LINE#         10
  C:09C9H         LINE#         11
  C:09CFH         LINE#         12
  C:09D2H         LINE#         13
  C:09D5H         LINE#         14
  C:09D8H         LINE#         15
  C:09DAH         LINE#         16
  C:09DCH         LINE#         17
  C:09E7H         LINE#         20
  -------         ENDPROC       UART1_CONFIG
  -------         ENDMOD        UART

  -------         MODULE        GPIO
  C:0000H         SYMBOL        _ICE_DUMMY_
  D:0080H         PUBLIC        P0
  D:0090H         PUBLIC        P1
  D:00A0H         PUBLIC        P2
  D:00B0H         PUBLIC        P3
  D:00C0H         PUBLIC        P4
  D:00C8H         PUBLIC        P5
  C:0A17H         PUBLIC        GPIO_config
  D:00A8H         PUBLIC        IE
  D:00B8H         PUBLIC        IP
  D:00D8H         PUBLIC        CCON
  D:0098H         PUBLIC        SCON
  D:0088H         PUBLIC        TCON
  D:00F0H         PUBLIC        B
  D:00E0H         PUBLIC        ACC
  D:00D0H         PUBLIC        PSW
  -------         PROC          GPIO_CONFIG
  -------         DO            
  X:0000H         SYMBOL        GPIO_InitStructure
  -------         ENDDO         
  C:0A17H         LINE#         3
  C:0A17H         LINE#         4
  C:0A17H         LINE#         6
  C:0A1DH         LINE#         7
  C:0A23H         LINE#         8
  C:0A2EH         LINE#         9
  C:0A39H         LINE#         10
  C:0A44H         LINE#         11
  -------         ENDPROC       GPIO_CONFIG
  -------         ENDMOD        GPIO

  -------         MODULE        ?C?CLDPTR
  C:026FH         PUBLIC        ?C?CLDPTR
  -------         ENDMOD        ?C?CLDPTR

  -------         MODULE        ?C?CLDOPTR
  C:0288H         PUBLIC        ?C?CLDOPTR
  -------         ENDMOD        ?C?CLDOPTR

  -------         MODULE        ?C?ULDIV
BL51 BANKED LINKER/LOCATER V6.22                                                      11/03/2015  18:34:31  PAGE 21


  C:02F1H         PUBLIC        ?C?ULDIV
  -------         ENDMOD        ?C?ULDIV

  -------         MODULE        ?C?ULCMP
  C:0383H         PUBLIC        ?C?ULCMP
  -------         ENDMOD        ?C?ULCMP

  -------         MODULE        ?C?ULSHR
  C:0394H         PUBLIC        ?C?ULSHR
  -------         ENDMOD        ?C?ULSHR

  -------         MODULE        ?C?LLDOPTR0
  C:03A7H         PUBLIC        ?C?LLDOPTR0
  -------         ENDMOD        ?C?LLDOPTR0

  -------         MODULE        ?C?LSTXDATA
  C:03D7H         PUBLIC        ?C?LSTXDATA
  -------         ENDMOD        ?C?LSTXDATA

  -------         MODULE        ?C?LSTKXDATA
  C:03E3H         PUBLIC        ?C?LSTKXDATA
  -------         ENDMOD        ?C?LSTKXDATA

  -------         MODULE        ?C?LLDIDATA0
  C:0414H         PUBLIC        ?C?LLDIDATA0
  -------         ENDMOD        ?C?LLDIDATA0

  -------         MODULE        ?C?LLDXDATA0
  C:0421H         PUBLIC        ?C?LLDXDATA0
  -------         ENDMOD        ?C?LLDXDATA0

  -------         MODULE        ?C?LLDPDATA0
  C:042DH         PUBLIC        ?C?LLDPDATA0
  -------         ENDMOD        ?C?LLDPDATA0

  -------         MODULE        ?C?LLDCODE0
  C:043AH         PUBLIC        ?C?LLDCODE0
  -------         ENDMOD        ?C?LLDCODE0

*** WARNING L16: UNCALLED SEGMENT, IGNORED FOR OVERLAY PROCESS
    SEGMENT: ?PR?_OSSENDSIGNAL?OS_CORE

Program Size: data=99.0 xdata=32 code=2887
LINK/LOCATE RUN COMPLETE.  1 WARNING(S),  0 ERROR(S)
