C51 COMPILER V9.02   MAIN                                                                  11/03/2015 18:34:08 PAGE 1   


C51 COMPILER V9.02, COMPILATION OF MODULE MAIN
OBJECT MODULE PLACED IN ..\Output\main.obj
COMPILER INVOKED BY: d:\Keil_v5\C51\BIN\C51.EXE main.c BROWSE INCDIR(..\Lib\inc;..\Lib\src;..\USER;..\MyDriver) DEBUG OB
                    -JECTEXTEND PRINT(..\Output\main.lst) TABS(2) OBJECT(..\Output\main.obj)

line level    source

   1          /********************************************************************************
   2          * 文件：main.c
   3          * 作者：刘帅
   4          * 日期：2015/07/25
   5          * 描述：工程主函数
   6          ********************************************************************************/
   7          #include "STC15xx_config.h"
   8          #include "UART.h"
   9          #include "GPIO.h"
  10          
  11          //***********************************led**************************************************
  12          sbit  led=P3^0;
  13          
  14          void main()
  15          {
  16   1          GPIO_config();
  17   1          UART1_config();
  18   1          EA = 1;
  19   1          
  20   1          for(;;)
  21   1          {
  22   2              PrintString1("test....\r\n");
  23   2              led=~led;
  24   2              delay_ms(500);
  25   2          }
  26   1      }


MODULE INFORMATION:   STATIC OVERLAYABLE
   CODE SIZE        =     26    ----
   CONSTANT SIZE    =     11    ----
   XDATA SIZE       =   ----    ----
   PDATA SIZE       =   ----    ----
   DATA SIZE        =   ----    ----
   IDATA SIZE       =   ----    ----
   BIT SIZE         =   ----    ----
END OF MODULE INFORMATION.


C51 COMPILATION COMPLETE.  0 WARNING(S),  0 ERROR(S)
