C51 COMPILER V9.02   GPIO                                                                  09/20/2015 15:17:16 PAGE 1   


C51 COMPILER V9.02, COMPILATION OF MODULE GPIO
OBJECT MODULE PLACED IN ..\Output\GPIO.obj
COMPILER INVOKED BY: d:\Keil_v5\C51\BIN\C51.EXE ..\MyDriver\GPIO.c BROWSE INCDIR(..\Lib\inc;..\Lib\src;..\USER;..\MyDriv
                    -er) DEBUG OBJECTEXTEND PRINT(..\Output\GPIO.lst) TABS(2) OBJECT(..\Output\GPIO.obj)

line level    source

   1          #include "GPIO.h"
   2          /************************ IO口配置 ****************************/
   3          void  GPIO_config(void)
   4          {
   5   1        GPIO_InitTypeDef  GPIO_InitStructure;       //结构定义
   6   1        GPIO_InitStructure.Pin  = GPIO_Pin_All; //指定要初始化的IO, GPIO_Pin_0 ~ GPIO_Pin_7, 或操作
   7   1        GPIO_InitStructure.Mode = GPIO_OUT_PP;        //指定IO的输入或输出方式,GPIO_PullUp,GPIO_HighZ,GPIO_OUT_OD,GPI
             -O_OUT_PP
   8   1        GPIO_Inilize(GPIO_P1,&GPIO_InitStructure);      //初始化
   9   1        GPIO_Inilize(GPIO_P3,&GPIO_InitStructure);      //初始化
  10   1        GPIO_Inilize(GPIO_P5,&GPIO_InitStructure);      //初始化
  11   1      }


MODULE INFORMATION:   STATIC OVERLAYABLE
   CODE SIZE        =     39    ----
   CONSTANT SIZE    =   ----    ----
   XDATA SIZE       =   ----    ----
   PDATA SIZE       =   ----    ----
   DATA SIZE        =   ----       2
   IDATA SIZE       =   ----    ----
   BIT SIZE         =   ----    ----
END OF MODULE INFORMATION.


C51 COMPILATION COMPLETE.  0 WARNING(S),  0 ERROR(S)
