C51 COMPILER V9.02   EXTI                                                                  07/27/2015 13:52:26 PAGE 1   


C51 COMPILER V9.02, COMPILATION OF MODULE EXTI
OBJECT MODULE PLACED IN ..\Output\Exti.obj
COMPILER INVOKED BY: d:\Keil_v5\C51\BIN\C51.EXE ..\MyDriver\Exti.c BROWSE INCDIR(..\Lib\inc;..\Lib\src;..\USER;..\MyDriv
                    -er) DEBUG OBJECTEXTEND PRINT(..\Output\Exti.lst) TABS(2) OBJECT(..\Output\Exti.obj)

line level    source

   1          #include "EXTI.H"
   2          /************* 外部中断初始化函数 *****************/
   3          void Exti_config(void){
   4   1        EXTI_InitTypeDef EXTI_InitStructure;
   5   1        EXTI_InitStructure.EXTI_Interrupt=ENABLE;
   6   1        EXTI_InitStructure.EXTI_Polity=PolityHigh;
   7   1        EXTI_InitStructure.EXTI_Mode=EXT_MODE_Fall;
   8   1        
   9   1        Ext_Inilize(EXT_INT1, &EXTI_InitStructure);
  10   1      }


MODULE INFORMATION:   STATIC OVERLAYABLE
   CODE SIZE        =     20    ----
   CONSTANT SIZE    =   ----    ----
   XDATA SIZE       =   ----    ----
   PDATA SIZE       =   ----    ----
   DATA SIZE        =   ----       3
   IDATA SIZE       =   ----    ----
   BIT SIZE         =   ----    ----
END OF MODULE INFORMATION.


C51 COMPILATION COMPLETE.  0 WARNING(S),  0 ERROR(S)
