C51 COMPILER V9.02   MAIN                                                                  07/27/2015 13:52:40 PAGE 1   


C51 COMPILER V9.02, COMPILATION OF MODULE MAIN
OBJECT MODULE PLACED IN ..\Output\main.obj
COMPILER INVOKED BY: d:\Keil_v5\C51\BIN\C51.EXE main.c BROWSE INCDIR(..\Lib\inc;..\Lib\src;..\USER;..\MyDriver) DEBUG OB
                    -JECTEXTEND PRINT(..\Output\main.lst) TABS(2) OBJECT(..\Output\main.obj)

line level    source

   1          /********************************************************************************
   2          * 文件：main.c
   3          * 作者：刘帅
   4          * 日期：2015/07/25
   5          * 描述：工程主函数
   6          ********************************************************************************/
   7          #include "STC15xx_config.h"
   8          #include "UART.h"
   9          #include "GPIO.h"
  10          #include "EXTI.H"
  11          
  12          //***********************************led**************************************************
  13          sbit  led=P3^0;
  14          
  15          
  16          void main(){
  17   1        
  18   1        GPIO_config();
  19   1        UART1_config();
  20   1        Exti_config();
  21   1        EA = 1;
  22   1        
  23   1        for(;;){
  24   2          PrintString1("test....\r\n");
  25   2          led=~led;
  26   2          delay_ms(500);
  27   2          
  28   2        }
  29   1        
  30   1        
  31   1      }


MODULE INFORMATION:   STATIC OVERLAYABLE
   CODE SIZE        =     29    ----
   CONSTANT SIZE    =     11    ----
   XDATA SIZE       =   ----    ----
   PDATA SIZE       =   ----    ----
   DATA SIZE        =   ----    ----
   IDATA SIZE       =   ----    ----
   BIT SIZE         =   ----    ----
END OF MODULE INFORMATION.


C51 COMPILATION COMPLETE.  0 WARNING(S),  0 ERROR(S)
