C51 COMPILER V9.02   STC15XX_IT                                                            07/27/2015 12:42:04 PAGE 1   


C51 COMPILER V9.02, COMPILATION OF MODULE STC15XX_IT
OBJECT MODULE PLACED IN ..\Output\stc15xx_it.obj
COMPILER INVOKED BY: d:\Keil_v5\C51\BIN\C51.EXE stc15xx_it.c BROWSE INCDIR(..\Lib\inc;..\Lib\src;..\USER;..\MyDriver) DE
                    -BUG OBJECTEXTEND PRINT(..\Output\stc15xx_it.lst) TABS(2) OBJECT(..\Output\stc15xx_it.obj)

line level    source

   1          /********************************************************************************
   2          * 文件：stc15xx_it.h
   3          * 作者：刘帅
   4          * 日期：2015/07/25
   5          * 描述：stc15系列单片机中断函数
   6          ********************************************************************************/
   7          
   8          #include "stc15xx_it.h"


MODULE INFORMATION:   STATIC OVERLAYABLE
   CODE SIZE        =   ----    ----
   CONSTANT SIZE    =   ----    ----
   XDATA SIZE       =   ----    ----
   PDATA SIZE       =   ----    ----
   DATA SIZE        =   ----    ----
   IDATA SIZE       =   ----    ----
   BIT SIZE         =   ----    ----
END OF MODULE INFORMATION.


C51 COMPILATION COMPLETE.  0 WARNING(S),  0 ERROR(S)
